Archive member included to satisfy reference by file (symbol)

f:/mcuxpressoide_11.3.1_5262/ide/plugins/com.nxp.mcuxpresso.tools.win32_11.3.0.202008311133/tools/bin/../lib/gcc/arm-none-eabi/9.3.1/../../../../arm-none-eabi/lib/thumb/v8-m.main+fp/hard\libcr_semihost_nf.a(__ciob.o)
                              ./source/mcan_interrupt_transfer.o (__Ciob)
f:/mcuxpressoide_11.3.1_5262/ide/plugins/com.nxp.mcuxpresso.tools.win32_11.3.0.202008311133/tools/bin/../lib/gcc/arm-none-eabi/9.3.1/../../../../arm-none-eabi/lib/thumb/v8-m.main+fp/hard\libcr_semihost_nf.a(_cr__main.o)
                              ./startup/startup_lpc55s06.o (__main)
f:/mcuxpressoide_11.3.1_5262/ide/plugins/com.nxp.mcuxpresso.tools.win32_11.3.0.202008311133/tools/bin/../lib/gcc/arm-none-eabi/9.3.1/../../../../arm-none-eabi/lib/thumb/v8-m.main+fp/hard\libcr_c.a(memcpy.o)
                              ./utilities/fsl_str.o (memcpy)
f:/mcuxpressoide_11.3.1_5262/ide/plugins/com.nxp.mcuxpresso.tools.win32_11.3.0.202008311133/tools/bin/../lib/gcc/arm-none-eabi/9.3.1/../../../../arm-none-eabi/lib/thumb/v8-m.main+fp/hard\libcr_c.a(memset.o)
                              ./source/mcan_interrupt_transfer.o (memset)
f:/mcuxpressoide_11.3.1_5262/ide/plugins/com.nxp.mcuxpresso.tools.win32_11.3.0.202008311133/tools/bin/../lib/gcc/arm-none-eabi/9.3.1/../../../../arm-none-eabi/lib/thumb/v8-m.main+fp/hard\libcr_c.a(__fillbuf.o)
                              ./source/mcan_interrupt_transfer.o (__filbuf)
f:/mcuxpressoide_11.3.1_5262/ide/plugins/com.nxp.mcuxpresso.tools.win32_11.3.0.202008311133/tools/bin/../lib/gcc/arm-none-eabi/9.3.1/../../../../arm-none-eabi/lib/thumb/v8-m.main+fp/hard\libcr_c.a(_deferredlazyseek.o)
                              f:/mcuxpressoide_11.3.1_5262/ide/plugins/com.nxp.mcuxpresso.tools.win32_11.3.0.202008311133/tools/bin/../lib/gcc/arm-none-eabi/9.3.1/../../../../arm-none-eabi/lib/thumb/v8-m.main+fp/hard\libcr_c.a(__fillbuf.o) (_deferredlazyseek)
f:/mcuxpressoide_11.3.1_5262/ide/plugins/com.nxp.mcuxpresso.tools.win32_11.3.0.202008311133/tools/bin/../lib/gcc/arm-none-eabi/9.3.1/../../../../arm-none-eabi/lib/thumb/v8-m.main+fp/hard\libcr_c.a(_fflush.o)
                              f:/mcuxpressoide_11.3.1_5262/ide/plugins/com.nxp.mcuxpresso.tools.win32_11.3.0.202008311133/tools/bin/../lib/gcc/arm-none-eabi/9.3.1/../../../../arm-none-eabi/lib/thumb/v8-m.main+fp/hard\libcr_c.a(__fillbuf.o) (_fflush)
f:/mcuxpressoide_11.3.1_5262/ide/plugins/com.nxp.mcuxpresso.tools.win32_11.3.0.202008311133/tools/bin/../lib/gcc/arm-none-eabi/9.3.1/../../../../arm-none-eabi/lib/thumb/v8-m.main+fp/hard\libcr_c.a(_writebuf.o)
                              f:/mcuxpressoide_11.3.1_5262/ide/plugins/com.nxp.mcuxpresso.tools.win32_11.3.0.202008311133/tools/bin/../lib/gcc/arm-none-eabi/9.3.1/../../../../arm-none-eabi/lib/thumb/v8-m.main+fp/hard\libcr_c.a(_deferredlazyseek.o) (_Cwritebuf)
f:/mcuxpressoide_11.3.1_5262/ide/plugins/com.nxp.mcuxpresso.tools.win32_11.3.0.202008311133/tools/bin/../lib/gcc/arm-none-eabi/9.3.1/../../../../arm-none-eabi/lib/thumb/v8-m.main+fp/hard\libcr_c.a(alloc.o)
                              ./drivers/fsl_common.o (malloc)
f:/mcuxpressoide_11.3.1_5262/ide/plugins/com.nxp.mcuxpresso.tools.win32_11.3.0.202008311133/tools/bin/../lib/gcc/arm-none-eabi/9.3.1/../../../../arm-none-eabi/lib/thumb/v8-m.main+fp/hard\libcr_c.a(fseek.o)
                              f:/mcuxpressoide_11.3.1_5262/ide/plugins/com.nxp.mcuxpresso.tools.win32_11.3.0.202008311133/tools/bin/../lib/gcc/arm-none-eabi/9.3.1/../../../../arm-none-eabi/lib/thumb/v8-m.main+fp/hard\libcr_c.a(_deferredlazyseek.o) (fseek)
f:/mcuxpressoide_11.3.1_5262/ide/plugins/com.nxp.mcuxpresso.tools.win32_11.3.0.202008311133/tools/bin/../lib/gcc/arm-none-eabi/9.3.1/../../../../arm-none-eabi/lib/thumb/v8-m.main+fp/hard\libcr_c.a(ftell.o)
                              f:/mcuxpressoide_11.3.1_5262/ide/plugins/com.nxp.mcuxpresso.tools.win32_11.3.0.202008311133/tools/bin/../lib/gcc/arm-none-eabi/9.3.1/../../../../arm-none-eabi/lib/thumb/v8-m.main+fp/hard\libcr_c.a(fseek.o) (ftell)
f:/mcuxpressoide_11.3.1_5262/ide/plugins/com.nxp.mcuxpresso.tools.win32_11.3.0.202008311133/tools/bin/../lib/gcc/arm-none-eabi/9.3.1/../../../../arm-none-eabi/lib/thumb/v8-m.main+fp/hard\libcr_c.a(initio.o)
                              f:/mcuxpressoide_11.3.1_5262/ide/plugins/com.nxp.mcuxpresso.tools.win32_11.3.0.202008311133/tools/bin/../lib/gcc/arm-none-eabi/9.3.1/../../../../arm-none-eabi/lib/thumb/v8-m.main+fp/hard\libcr_semihost_nf.a(_cr__main.o) (_initio)
f:/mcuxpressoide_11.3.1_5262/ide/plugins/com.nxp.mcuxpresso.tools.win32_11.3.0.202008311133/tools/bin/../lib/gcc/arm-none-eabi/9.3.1/../../../../arm-none-eabi/lib/thumb/v8-m.main+fp/hard\libcr_c.a(printf.o)
                              ./utilities/fsl_assert.o (_printf)
[...]
Memory Configuration

Name             Origin             Length             Attributes
PROGRAM_FLASH    0x00000000         0x00038000         xr
SRAM0_1_2        0x20000000         0x00010000         xrw
SRAMX            0x04000000         0x00004000         xrw
SRAM3            0x20010000         0x00004000         xrw
*default*        0x00000000         0xffffffff

Linker script and memory map

LOAD ./utilities/fsl_assert.o
LOAD ./utilities/fsl_debug_console.o
LOAD ./utilities/fsl_str.o
LOAD ./startup/startup_lpc55s06.o
LOAD ./source/mcan_interrupt_transfer.o
LOAD ./source/semihost_hardfault.o
LOAD ./drivers/fsl_clock.o
LOAD ./drivers/fsl_common.o
LOAD ./drivers/fsl_flexcomm.o
LOAD ./drivers/fsl_gpio.o
LOAD ./drivers/fsl_inputmux.o
LOAD ./drivers/fsl_mcan.o
LOAD ./drivers/fsl_power.o
LOAD ./drivers/fsl_reset.o
LOAD ./drivers/fsl_usart.o
LOAD ./device/system_LPC55S06.o
LOAD ./component/uart/usart_adapter.o
LOAD ./component/serial_manager/serial_manager.o
LOAD ./component/serial_manager/serial_port_uart.o
LOAD ./component/lists/generic_list.o
LOAD ./board/board.o
LOAD ./board/clock_config.o
LOAD ./board/pin_mux.o
START GROUP
LOAD f:/mcuxpressoide_11.3.1_5262/ide/plugins/com.nxp.mcuxpresso.tools.win32_11.3.0.202008311133/tools/bin/../lib/gcc/arm-none-eabi/9.3.1/../../../../arm-none-eabi/lib/thumb/v8-m.main+fp/hard\libcr_semihost_nf.a
LOAD f:/mcuxpressoide_11.3.1_5262/ide/plugins/com.nxp.mcuxpresso.tools.win32_11.3.0.202008311133/tools/bin/../lib/gcc/arm-none-eabi/9.3.1/../../../../arm-none-eabi/lib/thumb/v8-m.main+fp/hard\libcr_c.a
LOAD f:/mcuxpressoide_11.3.1_5262/ide/plugins/com.nxp.mcuxpresso.tools.win32_11.3.0.202008311133/tools/bin/../lib/gcc/arm-none-eabi/9.3.1/thumb/v8-m.main+fp/hard\libcr_eabihelpers.a
LOAD f:/mcuxpressoide_11.3.1_5262/ide/plugins/com.nxp.mcuxpresso.tools.win32_11.3.0.202008311133/tools/bin/../lib/gcc/arm-none-eabi/9.3.1/thumb/v8-m.main+fp/hard\libgcc.a
END GROUP
                0x00000000                __base_PROGRAM_FLASH = 0x0
                0x00000000                __base_Flash = 0x0
                0x00038000                __top_PROGRAM_FLASH = 0x38000
                0x00038000                __top_Flash = 0x38000
                0x20000000                __base_SRAM0_1_2 = 0x20000000
                0x20000000                __base_RAM = 0x20000000
                0x20010000                __top_SRAM0_1_2 = 0x20010000
                0x20010000                __top_RAM = 0x20010000
                0x04000000                __base_SRAMX = 0x4000000
                0x04000000                __base_RAM2 = 0x4000000
                0x04004000                __top_SRAMX = 0x4004000
                0x04004000                __top_RAM2 = 0x4004000
                0x20010000                __base_SRAM3 = 0x20010000
                0x20010000                __base_RAM3 = 0x20010000
                0x20014000                __top_SRAM3 = 0x20014000
                0x20014000                __top_RAM3 = 0x20014000

.text           0x00000000     0x4dcc
 FILL mask 0xff
                0x00000000                __vectors_start__ = ABSOLUTE (.)
 *(SORT_BY_ALIGNMENT(.isr_vector))
 .isr_vector    0x00000000      0x134 ./startup/startup_lpc55s06.o
                0x00000000                g_pfnVectors
                0x00000000                __Vectors
                0x00000134                . = ALIGN (0x4)
                0x00000134                __section_table_start = .
                0x00000134                __data_section_table = .
                0x00000134        0x4 LONG 0x4dcc LOADADDR (.data)
                0x00000138        0x4 LONG 0x20000000 ADDR (.data)
                0x0000013c        0x4 LONG 0x48 SIZEOF (.data)
                0x00000140        0x4 LONG 0x4dcc LOADADDR (.data_RAM2)
                0x00000144        0x4 LONG 0x4000000 ADDR (.data_RAM2)
                0x00000148        0x4 LONG 0x0 SIZEOF (.data_RAM2)
                0x0000014c        0x4 LONG 0x4dcc LOADADDR (.data_RAM3)
                0x00000150        0x4 LONG 0x20010000 ADDR (.data_RAM3)
                0x00000154        0x4 LONG 0x0 SIZEOF (.data_RAM3)
                0x00000158                __data_section_table_end = .
                0x00000158                __bss_section_table = .
                0x00000158        0x4 LONG 0x20000048 ADDR (.bss)
                0x0000015c        0x4 LONG 0x320 SIZEOF (.bss)
                0x00000160        0x4 LONG 0x4000000 ADDR (.bss_RAM2)
                0x00000164        0x4 LONG 0x0 SIZEOF (.bss_RAM2)
                0x00000168        0x4 LONG 0x20010000 ADDR (.bss_RAM3)
                0x0000016c        0x4 LONG 0x0 SIZEOF (.bss_RAM3)
                0x00000170                __bss_section_table_end = .
                0x00000170                __section_table_end = .
 *(SORT_BY_ALIGNMENT(.after_vectors*))
 .after_vectors.reset
                0x00000170       0x4c ./startup/startup_lpc55s06.o
                0x00000170                ResetISR
 .after_vectors.init_data
                0x000001bc       0x1e ./startup/startup_lpc55s06.o
                0x000001bc                data_init
 .after_vectors.init_bss
                0x000001da       0x12 ./startup/startup_lpc55s06.o
                0x000001da                bss_init
 .after_vectors
                0x000001ec       0x16 ./startup/startup_lpc55s06.o
                0x000001ec                NMI_Handler
                0x000001f0                MemManage_Handler
                0x000001f2                BusFault_Handler
                0x000001f4                UsageFault_Handler
                0x000001f6                SecureFault_Handler
                0x000001f8                SVC_Handler
                0x000001fa                DebugMon_Handler
                0x000001fc                PendSV_Handler
                0x000001fe                SysTick_Handler
                0x00000200                Reserved73_DriverIRQHandler
                0x00000200                Reserved64_DriverIRQHandler
                0x00000200                PIN_INT3_DriverIRQHandler
                0x00000200                PIN_INT2_DriverIRQHandler
                0x00000200                Reserved56_DriverIRQHandler
                0x00000200                PIN_INT0_DriverIRQHandler
                0x00000200                Reserved63_DriverIRQHandler
                0x00000200                CTIMER2_DriverIRQHandler
                0x00000200                SEC_VIO_DriverIRQHandler
                0x00000200                IntDefaultHandler
                0x00000200                CASER_DriverIRQHandler
                0x00000200                MRT0_DriverIRQHandler
                0x00000200                UTICK0_DriverIRQHandler
                0x00000200                Reserved41_DriverIRQHandler
                0x00000200                PIN_INT4_DriverIRQHandler
                0x00000200                PIN_INT5_DriverIRQHandler
                0x00000200                SEC_GPIO_INT0_IRQ0_DriverIRQHandler
                0x00000200                CodeWDG_DriverIRQHandler
                0x00000200                CTIMER4_DriverIRQHandler
                0x00000200                GINT1_DriverIRQHandler
                0x00000200                PIN_INT7_DriverIRQHandler
                0x00000200                Reserved55_DriverIRQHandler
                0x00000200                HASHCRYPT_DriverIRQHandler
                0x00000200                CTIMER0_DriverIRQHandler
                0x00000200                CTIMER1_DriverIRQHandler
                0x00000200                Reserved42_DriverIRQHandler
                0x00000200                PIN_INT6_DriverIRQHandler
                0x00000200                PIN_INT1_DriverIRQHandler
                0x00000200                CTIMER3_DriverIRQHandler
                0x00000200                Reserved61_DriverIRQHandler
                0x00000200                SEC_GPIO_INT0_IRQ1_DriverIRQHandler
                0x00000200                PUF_DriverIRQHandler
                0x00000200                RTC_DriverIRQHandler
                0x00000200                Reserved62_DriverIRQHandler
                0x00000200                DMA0_DriverIRQHandler
                0x00000200                Reserved39_DriverIRQHandler
                0x00000200                DMA1_DriverIRQHandler
                0x00000200                Reserved44_DriverIRQHandler
                0x00000200                ADC0_DriverIRQHandler
                0x00000200                GINT0_DriverIRQHandler
                0x00000200                ACMP_DriverIRQHandler
                0x00000200                Reserved58_DriverIRQHandler
                0x00000200                Reserved57_DriverIRQHandler
                0x00000200                Reserved47_DriverIRQHandler
                0x00000200                Reserved43_DriverIRQHandler
                0x00000200                Reserved46_DriverIRQHandler
                0x00000200                WDT_BOD_DriverIRQHandler
                0x00000200                SCT0_DriverIRQHandler
                0x00000200                PLU_DriverIRQHandler
                0x00000200                OS_EVENT_DriverIRQHandler
                0x00000200                SEC_HYPERVISOR_CALL_DriverIRQHandler
 *(SORT_BY_ALIGNMENT(.text*))
 *fill*         0x00000202        0x2 ff
 .text.__assertion_failed
                0x00000204       0x18 ./utilities/fsl_assert.o
                0x00000204                __assertion_failed
 .text.MCAN_SetMsgRAMBase
                0x0000021c       0x50 ./source/mcan_interrupt_transfer.o
 .text.mcan_callback
                0x0000026c       0x48 ./source/mcan_interrupt_transfer.o
 .text.main     0x000002b4      0x5d8 ./source/mcan_interrupt_transfer.o
                0x000002b4                main
 .text.POWER_DisablePD
                0x0000088c       0x20 ./drivers/fsl_clock.o
 .text.CLOCK_AttachClk
                0x000008ac       0xc0 ./drivers/fsl_clock.o
                0x000008ac                CLOCK_AttachClk
 .text.CLOCK_SetClkDiv
                0x0000096c       0x80 ./drivers/fsl_clock.o
                0x0000096c                CLOCK_SetClkDiv
 .text.CLOCK_SetupFROClocking
                0x000009ec       0x74 ./drivers/fsl_clock.o
                0x000009ec                CLOCK_SetupFROClocking
 .text.CLOCK_SetFLASHAccessCyclesForFreq
                0x00000a60       0xa0 ./drivers/fsl_clock.o
                0x00000a60                CLOCK_SetFLASHAccessCyclesForFreq
 .text.CLOCK_GetMCanClkFreq
                0x00000b00       0x7c ./drivers/fsl_clock.o
                0x00000b00                CLOCK_GetMCanClkFreq
 .text.CLOCK_GetFro12MFreq
                0x00000b7c       0x28 ./drivers/fsl_clock.o
                0x00000b7c                CLOCK_GetFro12MFreq
 .text.CLOCK_GetFro1MFreq
                0x00000ba4       0x28 ./drivers/fsl_clock.o
                0x00000ba4                CLOCK_GetFro1MFreq
 .text.CLOCK_GetExtClkFreq
                0x00000bcc       0x2c ./drivers/fsl_clock.o
                0x00000bcc                CLOCK_GetExtClkFreq
 .text.CLOCK_GetFroHfFreq
                0x00000bf8       0x28 ./drivers/fsl_clock.o
                0x00000bf8                CLOCK_GetFroHfFreq
 .text.CLOCK_GetPll0OutFreq
                0x00000c20       0x18 ./drivers/fsl_clock.o
                0x00000c20                CLOCK_GetPll0OutFreq
 .text.CLOCK_GetPll1OutFreq
                0x00000c38       0x18 ./drivers/fsl_clock.o
                0x00000c38                CLOCK_GetPll1OutFreq
 .text.CLOCK_GetOsc32KFreq
                0x00000c50       0x58 ./drivers/fsl_clock.o
                0x00000c50                CLOCK_GetOsc32KFreq
 .text.CLOCK_GetCoreSysClkFreq
                0x00000ca8       0xa8 ./drivers/fsl_clock.o
                0x00000ca8                CLOCK_GetCoreSysClkFreq
 .text.FLEXCOMM_GetInstance
                0x00000d50       0x50 ./drivers/fsl_flexcomm.o
                0x00000d50                FLEXCOMM_GetInstance
 .text.FLEXCOMM0_DriverIRQHandler
                0x00000da0       0x5c ./drivers/fsl_flexcomm.o
                0x00000da0                FLEXCOMM0_DriverIRQHandler
 .text.FLEXCOMM1_DriverIRQHandler
                0x00000dfc       0x5c ./drivers/fsl_flexcomm.o
                0x00000dfc                FLEXCOMM1_DriverIRQHandler
 .text.FLEXCOMM2_DriverIRQHandler
                0x00000e58       0x5c ./drivers/fsl_flexcomm.o
                0x00000e58                FLEXCOMM2_DriverIRQHandler
 .text.FLEXCOMM3_DriverIRQHandler
                0x00000eb4       0x5c ./drivers/fsl_flexcomm.o
                0x00000eb4                FLEXCOMM3_DriverIRQHandler
 .text.FLEXCOMM4_DriverIRQHandler
                0x00000f10       0x5c ./drivers/fsl_flexcomm.o
                0x00000f10                FLEXCOMM4_DriverIRQHandler
 .text.FLEXCOMM5_DriverIRQHandler
                0x00000f6c       0x5c ./drivers/fsl_flexcomm.o
                0x00000f6c                FLEXCOMM5_DriverIRQHandler
 .text.FLEXCOMM6_DriverIRQHandler
                0x00000fc8       0x5c ./drivers/fsl_flexcomm.o
                0x00000fc8                FLEXCOMM6_DriverIRQHandler
 .text.FLEXCOMM7_DriverIRQHandler
                0x00001024       0x5c ./drivers/fsl_flexcomm.o
                0x00001024                FLEXCOMM7_DriverIRQHandler
 .text.FLEXCOMM8_DriverIRQHandler
                0x00001080       0x5c ./drivers/fsl_flexcomm.o
                0x00001080                FLEXCOMM8_DriverIRQHandler
 .text.__NVIC_EnableIRQ
                0x000010dc       0x3c ./drivers/fsl_mcan.o
 .text.MCAN_GetInstance
                0x00001118       0x44 ./drivers/fsl_mcan.o
 .text.MCAN_SetBaudRate
                0x0000115c       0x80 ./drivers/fsl_mcan.o
 .text.MCAN_SetBaudRateFD
                0x000011dc       0x7c ./drivers/fsl_mcan.o
 .text.MCAN_Init
                0x00001258      0x100 ./drivers/fsl_mcan.o
                0x00001258                MCAN_Init
 .text.MCAN_GetDefaultConfig
                0x00001358       0x80 ./drivers/fsl_mcan.o
                0x00001358                MCAN_GetDefaultConfig
 .text.MCAN_FDGetSegments
                0x000013d8       0xd0 ./drivers/fsl_mcan.o
 .text.MCAN_FDCalculateImprovedTimingValues
                0x000014a8       0xcc ./drivers/fsl_mcan.o
                0x000014a8                MCAN_FDCalculateImprovedTimingValues
 .text.MCAN_SetDataTimingConfig
                0x00001574       0x68 ./drivers/fsl_mcan.o
                0x00001574                MCAN_SetDataTimingConfig
 .text.MCAN_GetSegments
                0x000015dc       0xbc ./drivers/fsl_mcan.o
 .text.MCAN_CalculateImprovedTimingValues
                0x00001698       0xa8 ./drivers/fsl_mcan.o
                0x00001698                MCAN_CalculateImprovedTimingValues
 .text.MCAN_SetArbitrationTimingConfig
                0x00001740       0x64 ./drivers/fsl_mcan.o
                0x00001740                MCAN_SetArbitrationTimingConfig
 .text.MCAN_SetTxBufferConfig
                0x000017a4       0x7c ./drivers/fsl_mcan.o
                0x000017a4                MCAN_SetTxBufferConfig
 .text.MCAN_GetTxBufferElementAddress
                0x00001820       0x60 ./drivers/fsl_mcan.o
 .text.MCAN_WriteTxBuffer
                0x00001880       0x84 ./drivers/fsl_mcan.o
                0x00001880                MCAN_WriteTxBuffer
 .text.MCAN_ReadRxFifo
                0x00001904       0xb4 ./drivers/fsl_mcan.o
                0x00001904                MCAN_ReadRxFifo
 .text.MCAN_TransferCreateHandle
                0x000019b8       0xa0 ./drivers/fsl_mcan.o
                0x000019b8                MCAN_TransferCreateHandle
 .text.MCAN_TransferSendNonBlocking
                0x00001a58      0x108 ./drivers/fsl_mcan.o
                0x00001a58                MCAN_TransferSendNonBlocking
 .text.MCAN_TransferReceiveFifoNonBlocking
                0x00001b60       0xa4 ./drivers/fsl_mcan.o
                0x00001b60                MCAN_TransferReceiveFifoNonBlocking
 .text.MCAN_TransferAbortSend
                0x00001c04       0x6c ./drivers/fsl_mcan.o
                0x00001c04                MCAN_TransferAbortSend
 .text.MCAN_TransferAbortReceiveFifo
                0x00001c70       0x64 ./drivers/fsl_mcan.o
                0x00001c70                MCAN_TransferAbortReceiveFifo
 .text.MCAN_TransferHandleIRQ
                0x00001cd4      0x148 ./drivers/fsl_mcan.o
                0x00001cd4                MCAN_TransferHandleIRQ
 .text.CAN0_IRQ0_DriverIRQHandler
                0x00001e1c       0x34 ./drivers/fsl_mcan.o
                0x00001e1c                CAN0_IRQ0_DriverIRQHandler
 .text.CAN0_IRQ1_DriverIRQHandler
                0x00001e50       0x34 ./drivers/fsl_mcan.o
                0x00001e50                CAN0_IRQ1_DriverIRQHandler
 .text.lowpower_set_system_voltage
                0x00001e84      0x154 ./drivers/fsl_power.o
 .text.lowpower_set_dcdc_power_profile
                0x00001fd8       0xec ./drivers/fsl_power.o
 .text.lowpower_get_part_process_corner
                0x000020c4       0x94 ./drivers/fsl_power.o
 .text.POWER_SetVoltageForFreq
                0x00002158       0x50 ./drivers/fsl_power.o
                0x00002158                POWER_SetVoltageForFreq
 .text.RESET_SetPeripheralReset
                0x000021a8       0x5c ./drivers/fsl_reset.o
                0x000021a8                RESET_SetPeripheralReset
 .text.RESET_ClearPeripheralReset
                0x00002204       0x60 ./drivers/fsl_reset.o
                0x00002204                RESET_ClearPeripheralReset
 .text.SystemInit
                0x00002264       0xac ./device/system_LPC55S06.o
                0x00002264                SystemInit
 .text.BOARD_InitDebugConsole
                0x00002310       0x38 ./board/board.o
                0x00002310                BOARD_InitDebugConsole
 .text.POWER_DisablePD
                0x00002348       0x20 ./board/clock_config.o
 .text.BOARD_BootClockFROHF96M
                0x00002368       0x58 ./board/clock_config.o
                0x00002368                BOARD_BootClockFROHF96M
 .text.BOARD_InitPins
                0x000023c0       0x74 ./board/pin_mux.o
                0x000023c0                BOARD_InitPins
 .text.__filbuf
                0x00002434      0x178 f:/mcuxpressoide_11.3.1_5262/ide/plugins/com.nxp.mcuxpresso.tools.win32_11.3.0.202008311133/tools/bin/../lib/gcc/arm-none-eabi/9.3.1/../../../../arm-none-eabi/lib/thumb/v8-m.main+fp/hard\libcr_c.a(__fillbuf.o)
                0x00002434                __filbuf
 .text._Cwritebuf
                0x000025ac       0x6c f:/mcuxpressoide_11.3.1_5262/ide/plugins/com.nxp.mcuxpresso.tools.win32_11.3.0.202008311133/tools/bin/../lib/gcc/arm-none-eabi/9.3.1/../../../../arm-none-eabi/lib/thumb/v8-m.main+fp/hard\libcr_c.a(_writebuf.o)
                0x000025ac                _Cwritebuf
 .text.malloc   0x00002618       0xc8 f:/mcuxpressoide_11.3.1_5262/ide/plugins/com.nxp.mcuxpresso.tools.win32_11.3.0.202008311133/tools/bin/../lib/gcc/arm-none-eabi/9.3.1/../../../../arm-none-eabi/lib/thumb/v8-m.main+fp/hard\libcr_c.a(alloc.o)
                0x00002618                malloc
 .text._Csys_alloc
                0x000026e0       0x20 f:/mcuxpressoide_11.3.1_5262/ide/plugins/com.nxp.mcuxpresso.tools.win32_11.3.0.202008311133/tools/bin/../lib/gcc/arm-none-eabi/9.3.1/../../../../arm-none-eabi/lib/thumb/v8-m.main+fp/hard\libcr_c.a(alloc.o)
                0x000026e0                _Csys_alloc
 .text.fseek    0x00002700      0x100 f:/mcuxpressoide_11.3.1_5262/ide/plugins/com.nxp.mcuxpresso.tools.win32_11.3.0.202008311133/tools/bin/../lib/gcc/arm-none-eabi/9.3.1/../../../../arm-none-eabi/lib/thumb/v8-m.main+fp/hard\libcr_c.a(fseek.o)
                0x00002700                fseek
 .text.ftell    0x00002800       0x44 f:/mcuxpressoide_11.3.1_5262/ide/plugins/com.nxp.mcuxpresso.tools.win32_11.3.0.202008311133/tools/bin/../lib/gcc/arm-none-eabi/9.3.1/../../../../arm-none-eabi/lib/thumb/v8-m.main+fp/hard\libcr_c.a(ftell.o)
                0x00002800                ftell
 .text._initio  0x00002844       0x78 f:/mcuxpressoide_11.3.1_5262/ide/plugins/com.nxp.mcuxpresso.tools.win32_11.3.0.202008311133/tools/bin/../lib/gcc/arm-none-eabi/9.3.1/../../../../arm-none-eabi/lib/thumb/v8-m.main+fp/hard\libcr_c.a(initio.o)
                0x00002844                _initio
 .text.__vfprintf
                0x000028bc      0xcdc f:/mcuxpressoide_11.3.1_5262/ide/plugins/com.nxp.mcuxpresso.tools.win32_11.3.0.202008311133/tools/bin/../lib/gcc/arm-none-eabi/9.3.1/../../../../arm-none-eabi/lib/thumb/v8-m.main+fp/hard\libcr_c.a(printf.o)
                0x000028bc                __vfprintf
 .text._vsnprintf
                0x00003598       0x68 f:/mcuxpressoide_11.3.1_5262/ide/plugins/com.nxp.mcuxpresso.tools.win32_11.3.0.202008311133/tools/bin/../lib/gcc/arm-none-eabi/9.3.1/../../../../arm-none-eabi/lib/thumb/v8-m.main+fp/hard\libcr_c.a(printf.o)
                0x00003598                _vsnprintf
 .text._printf  0x00003600       0x54 f:/mcuxpressoide_11.3.1_5262/ide/plugins/com.nxp.mcuxpresso.tools.win32_11.3.0.202008311133/tools/bin/../lib/gcc/arm-none-eabi/9.3.1/../../../../arm-none-eabi/lib/thumb/v8-m.main+fp/hard\libcr_c.a(printf.o)
                0x00003600                _printf
 .text._sbrk    0x00003654       0x3c f:/mcuxpressoide_11.3.1_5262/ide/plugins/com.nxp.mcuxpresso.tools.win32_11.3.0.202008311133/tools/bin/../lib/gcc/arm-none-eabi/9.3.1/../../../../arm-none-eabi/lib/thumb/v8-m.main+fp/hard\libcr_c.a(_cr_sbrk.o)
                0x00003654                _sbrk
 .text.fflush   0x00003690       0x44 f:/mcuxpressoide_11.3.1_5262/ide/plugins/com.nxp.mcuxpresso.tools.win32_11.3.0.202008311133/tools/bin/../lib/gcc/arm-none-eabi/9.3.1/../../../../arm-none-eabi/lib/thumb/v8-m.main+fp/hard\libcr_c.a(fflush.o)
                0x00003690                fflush
 .text.__check_heap_overflow
                0x000036d4       0x18 f:/mcuxpressoide_11.3.1_5262/ide/plugins/com.nxp.mcuxpresso.tools.win32_11.3.0.202008311133/tools/bin/../lib/gcc/arm-none-eabi/9.3.1/../../../../arm-none-eabi/lib/thumb/v8-m.main+fp/hard\libcr_c.a(_cr_check_heap.o)
                0x000036d4                __check_heap_overflow
 .text.__sys_appexit
                0x000036ec        0xc f:/mcuxpressoide_11.3.1_5262/ide/plugins/com.nxp.mcuxpresso.tools.win32_11.3.0.202008311133/tools/bin/../lib/gcc/arm-none-eabi/9.3.1/../../../../arm-none-eabi/lib/thumb/v8-m.main+fp/hard\libcr_semihost_nf.a(__sys_appexit.o)
                0x000036ec                __sys_appexit
                0x000036ec                __exit
 .text.WDT_BOD_IRQHandler
                0x000036f8        0x8 ./startup/startup_lpc55s06.o
                0x000036f8                WDT_BOD_IRQHandler
 .text.DMA0_IRQHandler
                0x00003700        0x8 ./startup/startup_lpc55s06.o
                0x00003700                DMA0_IRQHandler
 .text.GINT0_IRQHandler
                0x00003708        0x8 ./startup/startup_lpc55s06.o
                0x00003708                GINT0_IRQHandler
 .text.GINT1_IRQHandler
                0x00003710        0x8 ./startup/startup_lpc55s06.o
                0x00003710                GINT1_IRQHandler
 .text.PIN_INT0_IRQHandler
                0x00003718        0x8 ./startup/startup_lpc55s06.o
                0x00003718                PIN_INT0_IRQHandler
 .text.PIN_INT1_IRQHandler
                0x00003720        0x8 ./startup/startup_lpc55s06.o
                0x00003720                PIN_INT1_IRQHandler
 .text.PIN_INT2_IRQHandler
                0x00003728        0x8 ./startup/startup_lpc55s06.o
                0x00003728                PIN_INT2_IRQHandler
 .text.PIN_INT3_IRQHandler
                0x00003730        0x8 ./startup/startup_lpc55s06.o
                0x00003730                PIN_INT3_IRQHandler
 .text.UTICK0_IRQHandler
                0x00003738        0x8 ./startup/startup_lpc55s06.o
                0x00003738                UTICK0_IRQHandler
 .text.MRT0_IRQHandler
                0x00003740        0x8 ./startup/startup_lpc55s06.o
                0x00003740                MRT0_IRQHandler
 .text.CTIMER0_IRQHandler
                0x00003748        0x8 ./startup/startup_lpc55s06.o
                0x00003748                CTIMER0_IRQHandler
 .text.CTIMER1_IRQHandler
                0x00003750        0x8 ./startup/startup_lpc55s06.o
                0x00003750                CTIMER1_IRQHandler
 .text.SCT0_IRQHandler
                0x00003758        0x8 ./startup/startup_lpc55s06.o
                0x00003758                SCT0_IRQHandler
 .text.CTIMER3_IRQHandler
                0x00003760        0x8 ./startup/startup_lpc55s06.o
                0x00003760                CTIMER3_IRQHandler
 .text.FLEXCOMM0_IRQHandler
                0x00003768        0x8 ./startup/startup_lpc55s06.o
                0x00003768                FLEXCOMM0_IRQHandler
 .text.FLEXCOMM1_IRQHandler
                0x00003770        0x8 ./startup/startup_lpc55s06.o
                0x00003770                FLEXCOMM1_IRQHandler
 .text.FLEXCOMM2_IRQHandler
                0x00003778        0x8 ./startup/startup_lpc55s06.o
                0x00003778                FLEXCOMM2_IRQHandler
 .text.FLEXCOMM3_IRQHandler
                0x00003780        0x8 ./startup/startup_lpc55s06.o
                0x00003780                FLEXCOMM3_IRQHandler
 .text.FLEXCOMM4_IRQHandler
                0x00003788        0x8 ./startup/startup_lpc55s06.o
                0x00003788                FLEXCOMM4_IRQHandler
 .text.FLEXCOMM5_IRQHandler
                0x00003790        0x8 ./startup/startup_lpc55s06.o
                0x00003790                FLEXCOMM5_IRQHandler
 .text.FLEXCOMM6_IRQHandler
                0x00003798        0x8 ./startup/startup_lpc55s06.o
                0x00003798                FLEXCOMM6_IRQHandler
 .text.FLEXCOMM7_IRQHandler
                0x000037a0        0x8 ./startup/startup_lpc55s06.o
                0x000037a0                FLEXCOMM7_IRQHandler
 .text.ADC0_IRQHandler
                0x000037a8        0x8 ./startup/startup_lpc55s06.o
                0x000037a8                ADC0_IRQHandler
 .text.Reserved39_IRQHandler
                0x000037b0        0x8 ./startup/startup_lpc55s06.o
                0x000037b0                Reserved39_IRQHandler
 .text.ACMP_IRQHandler
                0x000037b8        0x8 ./startup/startup_lpc55s06.o
                0x000037b8                ACMP_IRQHandler
 .text.Reserved41_IRQHandler
                0x000037c0        0x8 ./startup/startup_lpc55s06.o
                0x000037c0                Reserved41_IRQHandler
 .text.Reserved42_IRQHandler
                0x000037c8        0x8 ./startup/startup_lpc55s06.o
                0x000037c8                Reserved42_IRQHandler
 .text.Reserved43_IRQHandler
                0x000037d0        0x8 ./startup/startup_lpc55s06.o
                0x000037d0                Reserved43_IRQHandler
 .text.Reserved44_IRQHandler
                0x000037d8        0x8 ./startup/startup_lpc55s06.o
                0x000037d8                Reserved44_IRQHandler
 .text.RTC_IRQHandler
                0x000037e0        0x8 ./startup/startup_lpc55s06.o
                0x000037e0                RTC_IRQHandler
 .text.Reserved46_IRQHandler
                0x000037e8        0x8 ./startup/startup_lpc55s06.o
                0x000037e8                Reserved46_IRQHandler
 .text.Reserved47_IRQHandler
                0x000037f0        0x8 ./startup/startup_lpc55s06.o
                0x000037f0                Reserved47_IRQHandler
 .text.PIN_INT4_IRQHandler
                0x000037f8        0x8 ./startup/startup_lpc55s06.o
                0x000037f8                PIN_INT4_IRQHandler
 .text.PIN_INT5_IRQHandler
                0x00003800        0x8 ./startup/startup_lpc55s06.o
                0x00003800                PIN_INT5_IRQHandler
 .text.PIN_INT6_IRQHandler
                0x00003808        0x8 ./startup/startup_lpc55s06.o
                0x00003808                PIN_INT6_IRQHandler
 .text.PIN_INT7_IRQHandler
                0x00003810        0x8 ./startup/startup_lpc55s06.o
                0x00003810                PIN_INT7_IRQHandler
 .text.CTIMER2_IRQHandler
                0x00003818        0x8 ./startup/startup_lpc55s06.o
                0x00003818                CTIMER2_IRQHandler
 .text.CTIMER4_IRQHandler
                0x00003820        0x8 ./startup/startup_lpc55s06.o
                0x00003820                CTIMER4_IRQHandler
 .text.OS_EVENT_IRQHandler
                0x00003828        0x8 ./startup/startup_lpc55s06.o
                0x00003828                OS_EVENT_IRQHandler
 .text.Reserved55_IRQHandler
                0x00003830        0x8 ./startup/startup_lpc55s06.o
                0x00003830                Reserved55_IRQHandler
 .text.Reserved56_IRQHandler
                0x00003838        0x8 ./startup/startup_lpc55s06.o
                0x00003838                Reserved56_IRQHandler
 .text.Reserved57_IRQHandler
                0x00003840        0x8 ./startup/startup_lpc55s06.o
                0x00003840                Reserved57_IRQHandler
 .text.Reserved58_IRQHandler
                0x00003848        0x8 ./startup/startup_lpc55s06.o
                0x00003848                Reserved58_IRQHandler
 .text.CAN0_IRQ0_IRQHandler
                0x00003850        0x8 ./startup/startup_lpc55s06.o
                0x00003850                CAN0_IRQ0_IRQHandler
 .text.CAN0_IRQ1_IRQHandler
                0x00003858        0x8 ./startup/startup_lpc55s06.o
                0x00003858                CAN0_IRQ1_IRQHandler
 .text.Reserved61_IRQHandler
                0x00003860        0x8 ./startup/startup_lpc55s06.o
                0x00003860                Reserved61_IRQHandler
 .text.Reserved62_IRQHandler
                0x00003868        0x8 ./startup/startup_lpc55s06.o
                0x00003868                Reserved62_IRQHandler
 .text.Reserved63_IRQHandler
                0x00003870        0x8 ./startup/startup_lpc55s06.o
                0x00003870                Reserved63_IRQHandler
 .text.Reserved64_IRQHandler
                0x00003878        0x8 ./startup/startup_lpc55s06.o
                0x00003878                Reserved64_IRQHandler
 .text.SEC_HYPERVISOR_CALL_IRQHandler
                0x00003880        0x8 ./startup/startup_lpc55s06.o
                0x00003880                SEC_HYPERVISOR_CALL_IRQHandler
 .text.SEC_GPIO_INT0_IRQ0_IRQHandler
                0x00003888        0x8 ./startup/startup_lpc55s06.o
                0x00003888                SEC_GPIO_INT0_IRQ0_IRQHandler
 .text.SEC_GPIO_INT0_IRQ1_IRQHandler
                0x00003890        0x8 ./startup/startup_lpc55s06.o
                0x00003890                SEC_GPIO_INT0_IRQ1_IRQHandler
 .text.PLU_IRQHandler
                0x00003898        0x8 ./startup/startup_lpc55s06.o
                0x00003898                PLU_IRQHandler
 .text.SEC_VIO_IRQHandler
                0x000038a0        0x8 ./startup/startup_lpc55s06.o
                0x000038a0                SEC_VIO_IRQHandler
 .text.HASHCRYPT_IRQHandler
                0x000038a8        0x8 ./startup/startup_lpc55s06.o
                0x000038a8                HASHCRYPT_IRQHandler
 .text.CASER_IRQHandler
                0x000038b0        0x8 ./startup/startup_lpc55s06.o
                0x000038b0                CASER_IRQHandler
 .text.PUF_IRQHandler
                0x000038b8        0x8 ./startup/startup_lpc55s06.o
                0x000038b8                PUF_IRQHandler
 .text.Reserved73_IRQHandler
                0x000038c0        0x8 ./startup/startup_lpc55s06.o
                0x000038c0                Reserved73_IRQHandler
 .text.DMA1_IRQHandler
                0x000038c8        0x8 ./startup/startup_lpc55s06.o
                0x000038c8                DMA1_IRQHandler
 .text.FLEXCOMM8_IRQHandler
                0x000038d0        0x8 ./startup/startup_lpc55s06.o
                0x000038d0                FLEXCOMM8_IRQHandler
 .text.CodeWDG_IRQHandler
                0x000038d8        0x8 ./startup/startup_lpc55s06.o
                0x000038d8                CodeWDG_IRQHandler
 .text.HardFault_Handler
                0x000038e0       0x2c ./source/semihost_hardfault.o
                0x000038e0                HardFault_Handler
 .text.CLOCK_EnableClock
                0x0000390c       0x30 ./drivers/fsl_mcan.o
 .text.EnableIRQ
                0x0000393c       0x2c ./drivers/fsl_mcan.o
 .text.MCAN_GetMsgRAMBase
                0x00003968       0x1a ./drivers/fsl_mcan.o
 .text.MCAN_ClearStatusFlag
                0x00003982       0x22 ./drivers/fsl_mcan.o
 .text.MCAN_EnableInterrupts
                0x000039a4       0x58 ./drivers/fsl_mcan.o
 .text.MCAN_EnableTransmitBufferInterrupts
                0x000039fc       0x2e ./drivers/fsl_mcan.o
 .text.MCAN_DisableTransmitBufferInterrupts
                0x00003a2a       0x30 ./drivers/fsl_mcan.o
 .text.MCAN_DisableInterrupts
                0x00003a5a       0x24 ./drivers/fsl_mcan.o
 .text.MCAN_TransmitAddRequest
                0x00003a7e       0x2e ./drivers/fsl_mcan.o
 .text.MCAN_TransmitCancelRequest
                0x00003aac       0x2e ./drivers/fsl_mcan.o
 .text.MCAN_Reset
                0x00003ada       0x3a ./drivers/fsl_mcan.o
 .text.MCAN_EnterNormalMode
                0x00003b14       0x30 ./drivers/fsl_mcan.o
                0x00003b14                MCAN_EnterNormalMode
 .text.MCAN_SetFilterConfig
                0x00003b44       0xae ./drivers/fsl_mcan.o
                0x00003b44                MCAN_SetFilterConfig
 .text.MCAN_SetRxFifo0Config
                0x00003bf2       0x64 ./drivers/fsl_mcan.o
                0x00003bf2                MCAN_SetRxFifo0Config
 .text.MCAN_SetSTDFilterElement
                0x00003c56       0x3a ./drivers/fsl_mcan.o
                0x00003c56                MCAN_SetSTDFilterElement
 .text.MCAN_GetRxFifo0ElementAddress
                0x00003c90       0x60 ./drivers/fsl_mcan.o
 .text.MCAN_GetRxFifo1ElementAddress
                0x00003cf0       0x62 ./drivers/fsl_mcan.o
 .text.MCAN_IsTransmitRequestPending
                0x00003d52       0x2e ./drivers/fsl_mcan.o
                0x00003d52                MCAN_IsTransmitRequestPending
 .text.lowpower_set_voltage_for_process
                0x00003d80       0xaa ./drivers/fsl_power.o
 .text.RESET_PeripheralReset
                0x00003e2a       0x1c ./drivers/fsl_reset.o
                0x00003e2a                RESET_PeripheralReset
 .text.SystemInitHook
                0x00003e46        0xe ./device/system_LPC55S06.o
                0x00003e46                SystemInitHook
 .text.DbgConsole_Init
                0x00003e54       0x20 ./board/board.o
 .text.CLOCK_EnableClock
                0x00003e74       0x30 ./board/pin_mux.o
 .text.IOCON_PinMuxSet
                0x00003ea4       0x2e ./board/pin_mux.o
 .text.__main   0x00003ed2        0xe f:/mcuxpressoide_11.3.1_5262/ide/plugins/com.nxp.mcuxpresso.tools.win32_11.3.0.202008311133/tools/bin/../lib/gcc/arm-none-eabi/9.3.1/../../../../arm-none-eabi/lib/thumb/v8-m.main+fp/hard\libcr_semihost_nf.a(_cr__main.o)
                0x00003ed2                __CR_SEMIHOST
                0x00003ed2                __main
 .text.memcpy   0x00003ee0        0x4 f:/mcuxpressoide_11.3.1_5262/ide/plugins/com.nxp.mcuxpresso.tools.win32_11.3.0.202008311133/tools/bin/../lib/gcc/arm-none-eabi/9.3.1/../../../../arm-none-eabi/lib/thumb/v8-m.main+fp/hard\libcr_c.a(memcpy.o)
                0x00003ee0                memcpy
 .text.memset   0x00003ee4        0x4 f:/mcuxpressoide_11.3.1_5262/ide/plugins/com.nxp.mcuxpresso.tools.win32_11.3.0.202008311133/tools/bin/../lib/gcc/arm-none-eabi/9.3.1/../../../../arm-none-eabi/lib/thumb/v8-m.main+fp/hard\libcr_c.a(memset.o)
                0x00003ee4                memset
 .text._Csys_read_
                0x00003ee8       0x22 f:/mcuxpressoide_11.3.1_5262/ide/plugins/com.nxp.mcuxpresso.tools.win32_11.3.0.202008311133/tools/bin/../lib/gcc/arm-none-eabi/9.3.1/../../../../arm-none-eabi/lib/thumb/v8-m.main+fp/hard\libcr_c.a(__fillbuf.o)
                0x00003ee8                _Csys_read_
 .text._deferredlazyseek
                0x00003f0a       0x40 f:/mcuxpressoide_11.3.1_5262/ide/plugins/com.nxp.mcuxpresso.tools.win32_11.3.0.202008311133/tools/bin/../lib/gcc/arm-none-eabi/9.3.1/../../../../arm-none-eabi/lib/thumb/v8-m.main+fp/hard\libcr_c.a(_deferredlazyseek.o)
                0x00003f0a                _deferredlazyseek
 .text.__flsbuf
                0x00003f4a      0x140 f:/mcuxpressoide_11.3.1_5262/ide/plugins/com.nxp.mcuxpresso.tools.win32_11.3.0.202008311133/tools/bin/../lib/gcc/arm-none-eabi/9.3.1/../../../../arm-none-eabi/lib/thumb/v8-m.main+fp/hard\libcr_c.a(_deferredlazyseek.o)
                0x00003f4a                __flsbuf
 .text._fflush  0x0000408a       0x52 f:/mcuxpressoide_11.3.1_5262/ide/plugins/com.nxp.mcuxpresso.tools.win32_11.3.0.202008311133/tools/bin/../lib/gcc/arm-none-eabi/9.3.1/../../../../arm-none-eabi/lib/thumb/v8-m.main+fp/hard\libcr_c.a(_fflush.o)
                0x0000408a                _fflush
 .text.free     0x000040dc       0x30 f:/mcuxpressoide_11.3.1_5262/ide/plugins/com.nxp.mcuxpresso.tools.win32_11.3.0.202008311133/tools/bin/../lib/gcc/arm-none-eabi/9.3.1/../../../../arm-none-eabi/lib/thumb/v8-m.main+fp/hard\libcr_c.a(alloc.o)
                0x000040dc                free
 .text.no_fp_display
                0x0000410c        0x4 f:/mcuxpressoide_11.3.1_5262/ide/plugins/com.nxp.mcuxpresso.tools.win32_11.3.0.202008311133/tools/bin/../lib/gcc/arm-none-eabi/9.3.1/../../../../arm-none-eabi/lib/thumb/v8-m.main+fp/hard\libcr_c.a(printf.o)
 .text.setvbuf  0x00004110       0x3e f:/mcuxpressoide_11.3.1_5262/ide/plugins/com.nxp.mcuxpresso.tools.win32_11.3.0.202008311133/tools/bin/../lib/gcc/arm-none-eabi/9.3.1/../../../../arm-none-eabi/lib/thumb/v8-m.main+fp/hard\libcr_c.a(setvbuf.o)
                0x00004110                setvbuf
 .text.strlen   0x0000414e       0x4c f:/mcuxpressoide_11.3.1_5262/ide/plugins/com.nxp.mcuxpresso.tools.win32_11.3.0.202008311133/tools/bin/../lib/gcc/arm-none-eabi/9.3.1/../../../../arm-none-eabi/lib/thumb/v8-m.main+fp/hard\libcr_c.a(strlen.o)
                0x0000414e                strlen
 .text._fdopen  0x0000419a       0x68 f:/mcuxpressoide_11.3.1_5262/ide/plugins/com.nxp.mcuxpresso.tools.win32_11.3.0.202008311133/tools/bin/../lib/gcc/arm-none-eabi/9.3.1/../../../../arm-none-eabi/lib/thumb/v8-m.main+fp/hard\libcr_c.a(_fdopen.o)
                0x0000419a                _fdopen
 .text.fclose   0x00004202       0x58 f:/mcuxpressoide_11.3.1_5262/ide/plugins/com.nxp.mcuxpresso.tools.win32_11.3.0.202008311133/tools/bin/../lib/gcc/arm-none-eabi/9.3.1/../../../../arm-none-eabi/lib/thumb/v8-m.main+fp/hard\libcr_c.a(fclose.o)
                0x00004202                fclose
 .text.remove   0x0000425a       0x14 f:/mcuxpressoide_11.3.1_5262/ide/plugins/com.nxp.mcuxpresso.tools.win32_11.3.0.202008311133/tools/bin/../lib/gcc/arm-none-eabi/9.3.1/../../../../arm-none-eabi/lib/thumb/v8-m.main+fp/hard\libcr_c.a(remove.o)
                0x0000425a                remove
 .text._do_fflush
                0x0000426e       0x40 f:/mcuxpressoide_11.3.1_5262/ide/plugins/com.nxp.mcuxpresso.tools.win32_11.3.0.202008311133/tools/bin/../lib/gcc/arm-none-eabi/9.3.1/../../../../arm-none-eabi/lib/thumb/v8-m.main+fp/hard\libcr_c.a(_do_fflush.o)
                0x0000426e                _do_fflush
 .text.__aeabi_memcpy
                0x000042ae       0x34 f:/mcuxpressoide_11.3.1_5262/ide/plugins/com.nxp.mcuxpresso.tools.win32_11.3.0.202008311133/tools/bin/../lib/gcc/arm-none-eabi/9.3.1/thumb/v8-m.main+fp/hard\libcr_eabihelpers.a(memcpy.o)
                0x000042ae                __aeabi_memcpy
                0x000042b8                __aeabi_memcpy8
                0x000042b8                __aeabi_memcpy4
 .text.__aeabi_memset_lowlevel
                0x000042e2       0x32 f:/mcuxpressoide_11.3.1_5262/ide/plugins/com.nxp.mcuxpresso.tools.win32_11.3.0.202008311133/tools/bin/../lib/gcc/arm-none-eabi/9.3.1/thumb/v8-m.main+fp/hard\libcr_eabihelpers.a(memcpy.o)
                0x000042e2                __aeabi_lowlevel_memset
 .text.__sys_close
                0x00004314        0xc f:/mcuxpressoide_11.3.1_5262/ide/plugins/com.nxp.mcuxpresso.tools.win32_11.3.0.202008311133/tools/bin/../lib/gcc/arm-none-eabi/9.3.1/../../../../arm-none-eabi/lib/thumb/v8-m.main+fp/hard\libcr_semihost_nf.a(__sys_close.o)
                0x00004314                __sys_close
 .text.__sys_flen
                0x00004320        0xc f:/mcuxpressoide_11.3.1_5262/ide/plugins/com.nxp.mcuxpresso.tools.win32_11.3.0.202008311133/tools/bin/../lib/gcc/arm-none-eabi/9.3.1/../../../../arm-none-eabi/lib/thumb/v8-m.main+fp/hard\libcr_semihost_nf.a(__sys_flen.o)
                0x00004320                __sys_flen
 .text.__sys_istty
                0x0000432c        0xc f:/mcuxpressoide_11.3.1_5262/ide/plugins/com.nxp.mcuxpresso.tools.win32_11.3.0.202008311133/tools/bin/../lib/gcc/arm-none-eabi/9.3.1/../../../../arm-none-eabi/lib/thumb/v8-m.main+fp/hard\libcr_semihost_nf.a(__sys_istty.o)
                0x0000432c                __sys_istty
 .text.__sys_read
                0x00004338        0xc f:/mcuxpressoide_11.3.1_5262/ide/plugins/com.nxp.mcuxpresso.tools.win32_11.3.0.202008311133/tools/bin/../lib/gcc/arm-none-eabi/9.3.1/../../../../arm-none-eabi/lib/thumb/v8-m.main+fp/hard\libcr_semihost_nf.a(__sys_read.o)
                0x00004338                __sys_read
 .text.__sys_readc
                0x00004344        0x8 f:/mcuxpressoide_11.3.1_5262/ide/plugins/com.nxp.mcuxpresso.tools.win32_11.3.0.202008311133/tools/bin/../lib/gcc/arm-none-eabi/9.3.1/../../../../arm-none-eabi/lib/thumb/v8-m.main+fp/hard\libcr_semihost_nf.a(__sys_readc.o)
                0x00004344                __sys_readc
                0x00004344                __readc
 .text.__sys_remove
                0x0000434c        0xc f:/mcuxpressoide_11.3.1_5262/ide/plugins/com.nxp.mcuxpresso.tools.win32_11.3.0.202008311133/tools/bin/../lib/gcc/arm-none-eabi/9.3.1/../../../../arm-none-eabi/lib/thumb/v8-m.main+fp/hard\libcr_semihost_nf.a(__sys_remove.o)
                0x0000434c                __sys_remove
 .text.__sys_seek
                0x00004358        0xc f:/mcuxpressoide_11.3.1_5262/ide/plugins/com.nxp.mcuxpresso.tools.win32_11.3.0.202008311133/tools/bin/../lib/gcc/arm-none-eabi/9.3.1/../../../../arm-none-eabi/lib/thumb/v8-m.main+fp/hard\libcr_semihost_nf.a(__sys_seek.o)
                0x00004358                __sys_seek
 .text.__sys_tmpnam
                0x00004364        0xc f:/mcuxpressoide_11.3.1_5262/ide/plugins/com.nxp.mcuxpresso.tools.win32_11.3.0.202008311133/tools/bin/../lib/gcc/arm-none-eabi/9.3.1/../../../../arm-none-eabi/lib/thumb/v8-m.main+fp/hard\libcr_semihost_nf.a(__sys_tmpnam.o)
                0x00004364                __sys_tmpnam
 .text.__sys_write
                0x00004370        0xc f:/mcuxpressoide_11.3.1_5262/ide/plugins/com.nxp.mcuxpresso.tools.win32_11.3.0.202008311133/tools/bin/../lib/gcc/arm-none-eabi/9.3.1/../../../../arm-none-eabi/lib/thumb/v8-m.main+fp/hard\libcr_semihost_nf.a(__sys_write.o)
                0x00004370                __sys_write
 *(SORT_BY_ALIGNMENT(.rodata) SORT_BY_ALIGNMENT(.rodata.*) SORT_BY_ALIGNMENT(.constdata) SORT_BY_ALIGNMENT(.constdata.*))
 .rodata.__assertion_failed.str1.4
                0x0000437c       0x14 ./utilities/fsl_assert.o
 .rodata.MCAN_SetMsgRAMBase.str1.4
                0x00004390       0xba ./source/mcan_interrupt_transfer.o
 *fill*         0x0000444a        0x2 ff
 .rodata.main.str1.4
                0x0000444c      0x19a ./source/mcan_interrupt_transfer.o
                                0x19e (size before relaxing)
 *fill*         0x000045e6        0x2 ff
 .rodata.IntervalList
                0x000045e8       0x40 ./drivers/fsl_clock.o
 .rodata.s_flexcommBaseAddrs
                0x00004628       0x24 ./drivers/fsl_flexcomm.o
 .rodata.FLEXCOMM_GetInstance.str1.4
                0x0000464c       0x39 ./drivers/fsl_flexcomm.o
 *fill*         0x00004685        0x3 ff
 .rodata.FLEXCOMM0_DriverIRQHandler.str1.4
                0x00004688       0x35 ./drivers/fsl_flexcomm.o
 *fill*         0x000046bd        0x3 ff
 .rodata.FLEXCOMM1_DriverIRQHandler.str1.4
                0x000046c0       0x35 ./drivers/fsl_flexcomm.o
 *fill*         0x000046f5        0x3 ff
 .rodata.FLEXCOMM2_DriverIRQHandler.str1.4
                0x000046f8       0x35 ./drivers/fsl_flexcomm.o
 *fill*         0x0000472d        0x3 ff
 .rodata.FLEXCOMM3_DriverIRQHandler.str1.4
                0x00004730       0x35 ./drivers/fsl_flexcomm.o
 *fill*         0x00004765        0x3 ff
 .rodata.FLEXCOMM4_DriverIRQHandler.str1.4
                0x00004768       0x35 ./drivers/fsl_flexcomm.o
 *fill*         0x0000479d        0x3 ff
 .rodata.FLEXCOMM5_DriverIRQHandler.str1.4
                0x000047a0       0x35 ./drivers/fsl_flexcomm.o
 *fill*         0x000047d5        0x3 ff
 .rodata.FLEXCOMM6_DriverIRQHandler.str1.4
                0x000047d8       0x35 ./drivers/fsl_flexcomm.o
 *fill*         0x0000480d        0x3 ff
 .rodata.FLEXCOMM7_DriverIRQHandler.str1.4
                0x00004810       0x35 ./drivers/fsl_flexcomm.o
 *fill*         0x00004845        0x3 ff
 .rodata.FLEXCOMM8_DriverIRQHandler.str1.4
                0x00004848       0x35 ./drivers/fsl_flexcomm.o
 *fill*         0x0000487d        0x3 ff
 .rodata.s_mcanIRQ
                0x00004880        0x2 ./drivers/fsl_mcan.o
 *fill*         0x00004882        0x2 ff
 .rodata.MCAN_GetInstance.str1.4
                0x00004884       0x35 ./drivers/fsl_mcan.o
 *fill*         0x000048b9        0x3 ff
 .rodata.MCAN_SetBaudRate.str1.4
                0x000048bc       0x2c ./drivers/fsl_mcan.o
 .rodata.MCAN_SetBaudRateFD.str1.4
                0x000048e8       0x2c ./drivers/fsl_mcan.o
 .rodata.MCAN_GetDefaultConfig.str1.4
                0x00004914       0x21 ./drivers/fsl_mcan.o
 *fill*         0x00004935        0x3 ff
 .rodata.MCAN_FDCalculateImprovedTimingValues.str1.4
                0x00004938       0x63 ./drivers/fsl_mcan.o
 *fill*         0x0000499b        0x1 ff
 .rodata.MCAN_SetDataTimingConfig.str1.4
                0x0000499c       0x21 ./drivers/fsl_mcan.o
 *fill*         0x000049bd        0x3 ff
 .rodata.MCAN_CalculateImprovedTimingValues.str1.4
                0x000049c0       0x2f ./drivers/fsl_mcan.o
 *fill*         0x000049ef        0x1 ff
 .rodata.MCAN_SetArbitrationTimingConfig.str1.4
                0x000049f0       0x21 ./drivers/fsl_mcan.o
 *fill*         0x00004a11        0x3 ff
 .rodata.MCAN_SetTxBufferConfig.str1.4
                0x00004a14       0x42 ./drivers/fsl_mcan.o
 *fill*         0x00004a56        0x2 ff
 .rodata.MCAN_GetTxBufferElementAddress.str1.4
                0x00004a58       0x1d ./drivers/fsl_mcan.o
 *fill*         0x00004a75        0x3 ff
 .rodata.MCAN_WriteTxBuffer.str1.4
                0x00004a78       0x23 ./drivers/fsl_mcan.o
 *fill*         0x00004a9b        0x1 ff
 .rodata.MCAN_ReadRxFifo.str1.4
                0x00004a9c       0x60 ./drivers/fsl_mcan.o
 .rodata.MCAN_TransferCreateHandle.str1.4
                0x00004afc       0x22 ./drivers/fsl_mcan.o
 *fill*         0x00004b1e        0x2 ff
 .rodata.MCAN_TransferSendNonBlocking.str1.4
                0x00004b20       0x6e ./drivers/fsl_mcan.o
 *fill*         0x00004b8e        0x2 ff
 .rodata.MCAN_TransferReceiveFifoNonBlocking.str1.4
                0x00004b90       0x80 ./drivers/fsl_mcan.o
 .rodata.MCAN_TransferAbortSend.str1.4
                0x00004c10       0x48 ./drivers/fsl_mcan.o
 .rodata.MCAN_TransferAbortReceiveFifo.str1.4
                0x00004c58       0x5e ./drivers/fsl_mcan.o
 *fill*         0x00004cb6        0x2 ff
 .rodata.MCAN_TransferHandleIRQ.str1.4
                0x00004cb8       0x22 ./drivers/fsl_mcan.o
 *fill*         0x00004cda        0x2 ff
 .rodata.CAN0_IRQ0_DriverIRQHandler.str1.4
                0x00004cdc       0x2b ./drivers/fsl_mcan.o
 *fill*         0x00004d07        0x1 ff
 .rodata.CAN0_IRQ1_DriverIRQHandler.str1.4
                0x00004d08       0x2b ./drivers/fsl_mcan.o
 *fill*         0x00004d33        0x1 ff
 .rodata.RESET_SetPeripheralReset.str1.4
                0x00004d34       0x1f ./drivers/fsl_reset.o
 *fill*         0x00004d53        0x1 ff
 .rodata.RESET_ClearPeripheralReset.str1.4
                0x00004d54       0x1f ./drivers/fsl_reset.o
 *fill*         0x00004d73        0x1 ff
 .rodata.__num_Ciob_streams
                0x00004d74        0x4 f:/mcuxpressoide_11.3.1_5262/ide/plugins/com.nxp.mcuxpresso.tools.win32_11.3.0.202008311133/tools/bin/../lib/gcc/arm-none-eabi/9.3.1/../../../../arm-none-eabi/lib/thumb/v8-m.main+fp/hard\libcr_semihost_nf.a(__ciob.o)
                0x00004d74                __num_Ciob_streams
 .rodata._Csys_alloc.str1.1
                0x00004d78       0x18 f:/mcuxpressoide_11.3.1_5262/ide/plugins/com.nxp.mcuxpresso.tools.win32_11.3.0.202008311133/tools/bin/../lib/gcc/arm-none-eabi/9.3.1/../../../../arm-none-eabi/lib/thumb/v8-m.main+fp/hard\libcr_c.a(alloc.o)
 .rodata._initio.str1.1
                0x00004d90        0x4 f:/mcuxpressoide_11.3.1_5262/ide/plugins/com.nxp.mcuxpresso.tools.win32_11.3.0.202008311133/tools/bin/../lib/gcc/arm-none-eabi/9.3.1/../../../../arm-none-eabi/lib/thumb/v8-m.main+fp/hard\libcr_c.a(initio.o)
 .rodata.__vfprintf.str1.1
                0x00004d94       0x37 f:/mcuxpressoide_11.3.1_5262/ide/plugins/com.nxp.mcuxpresso.tools.win32_11.3.0.202008311133/tools/bin/../lib/gcc/arm-none-eabi/9.3.1/../../../../arm-none-eabi/lib/thumb/v8-m.main+fp/hard\libcr_c.a(printf.o)
                                 0x38 (size before relaxing)
                0x00004dcc                . = ALIGN (0x4)
 *fill*         0x00004dcb        0x1 ff

.glue_7         0x00004dcc        0x0
 .glue_7        0x00004dcc        0x0 linker stubs

.glue_7t        0x00004dcc        0x0
 .glue_7t       0x00004dcc        0x0 linker stubs

.vfp11_veneer   0x00004dcc        0x0
 .vfp11_veneer  0x00004dcc        0x0 linker stubs

.v4_bx          0x00004dcc        0x0
 .v4_bx         0x00004dcc        0x0 linker stubs

.iplt           0x00004dcc        0x0
 .iplt          0x00004dcc        0x0 ./utilities/fsl_assert.o

.rel.dyn        0x00004dcc        0x0
 .rel.iplt      0x00004dcc        0x0 ./utilities/fsl_assert.o

.ARM.extab
 *(SORT_BY_ALIGNMENT(.ARM.extab*) SORT_BY_ALIGNMENT(.gnu.linkonce.armextab.*))

.ARM.exidx      0x00004dcc        0x0
                0x00004dcc                __exidx_start = .
 *(SORT_BY_ALIGNMENT(.ARM.exidx*) SORT_BY_ALIGNMENT(.gnu.linkonce.armexidx.*))
                0x00004dcc                __exidx_end = .
                0x00004dcc                _etext = .

.data_RAM2      0x04000000        0x0 load address 0x00004dcc
 FILL mask 0xff
                [!provide]                PROVIDE (__start_data_RAM2 = .)
                [!provide]                PROVIDE (__start_data_SRAMX = .)
 *(SORT_BY_ALIGNMENT(.ramfunc.$RAM2))
 *(SORT_BY_ALIGNMENT(.ramfunc.$SRAMX))
 *(SORT_BY_ALIGNMENT(.data.$RAM2))
 *(SORT_BY_ALIGNMENT(.data.$SRAMX))
 *(SORT_BY_ALIGNMENT(.data.$RAM2.*))
 *(SORT_BY_ALIGNMENT(.data.$SRAMX.*))
                0x04000000                . = ALIGN (0x4)
                [!provide]                PROVIDE (__end_data_RAM2 = .)
                [!provide]                PROVIDE (__end_data_SRAMX = .)

.data_RAM3      0x20010000        0x0 load address 0x00004dcc
 FILL mask 0xff
                [!provide]                PROVIDE (__start_data_RAM3 = .)
                [!provide]                PROVIDE (__start_data_SRAM3 = .)
 *(SORT_BY_ALIGNMENT(.ramfunc.$RAM3))
 *(SORT_BY_ALIGNMENT(.ramfunc.$SRAM3))
 *(SORT_BY_ALIGNMENT(.data.$RAM3))
 *(SORT_BY_ALIGNMENT(.data.$SRAM3))
 *(SORT_BY_ALIGNMENT(.data.$RAM3.*))
 *(SORT_BY_ALIGNMENT(.data.$SRAM3.*))
                0x20010000                . = ALIGN (0x4)
                [!provide]                PROVIDE (__end_data_RAM3 = .)
                [!provide]                PROVIDE (__end_data_SRAM3 = .)

.uninit_RESERVED
                0x20000000        0x0
                0x20000000                _start_uninit_RESERVED = .
 *(SORT_BY_ALIGNMENT(.bss.$RESERVED*))
                0x20000000                . = ALIGN (0x4)
                0x20000000                _end_uninit_RESERVED = .

.data           0x20000000       0x48 load address 0x00004dcc
 FILL mask 0xff
                0x20000000                _data = .
                [!provide]                PROVIDE (__start_data_RAM = .)
                [!provide]                PROVIDE (__start_data_SRAM0_1_2 = .)
 *(SORT_BY_ALIGNMENT(vtable))
 *(SORT_BY_ALIGNMENT(.ramfunc*))
 *(SORT_BY_ALIGNMENT(CodeQuickAccess))
 *(SORT_BY_ALIGNMENT(DataQuickAccess))
 *(SORT_BY_ALIGNMENT(RamFunction))
 *(SORT_BY_ALIGNMENT(.data*))
 .data.my_array
                0x20000000       0x40 ./source/mcan_interrupt_transfer.o
                0x20000000                my_array
 .data.s_Ext_Clk_Freq
                0x20000040        0x4 ./drivers/fsl_clock.o
 .data.SystemCoreClock
                0x20000044        0x4 ./device/system_LPC55S06.o
                0x20000044                SystemCoreClock
                0x20000048                . = ALIGN (0x4)
                0x20000048                _edata = .
                [!provide]                PROVIDE (__end_data_RAM = .)
                [!provide]                PROVIDE (__end_data_SRAM0_1_2 = .)

.igot.plt       0x20000048        0x0 load address 0x00004e14
 .igot.plt      0x20000048        0x0 ./utilities/fsl_assert.o

.bss_RAM2       0x04000000        0x0
                [!provide]                PROVIDE (__start_bss_RAM2 = .)
                [!provide]                PROVIDE (__start_bss_SRAMX = .)
 *(SORT_BY_ALIGNMENT(.bss.$RAM2))
 *(SORT_BY_ALIGNMENT(.bss.$SRAMX))
 *(SORT_BY_ALIGNMENT(.bss.$RAM2.*))
 *(SORT_BY_ALIGNMENT(.bss.$SRAMX.*))
                0x04000000                . = ALIGN ((. != 0x0)?0x4:0x1)
                [!provide]                PROVIDE (__end_bss_RAM2 = .)
                [!provide]                PROVIDE (__end_bss_SRAMX = .)

.bss_RAM3       0x20010000        0x0
                [!provide]                PROVIDE (__start_bss_RAM3 = .)
                [!provide]                PROVIDE (__start_bss_SRAM3 = .)
 *(SORT_BY_ALIGNMENT(.bss.$RAM3))
 *(SORT_BY_ALIGNMENT(.bss.$SRAM3))
 *(SORT_BY_ALIGNMENT(.bss.$RAM3.*))
 *(SORT_BY_ALIGNMENT(.bss.$SRAM3.*))
                0x20010000                . = ALIGN ((. != 0x0)?0x4:0x1)
                [!provide]                PROVIDE (__end_bss_RAM3 = .)
                [!provide]                PROVIDE (__end_bss_SRAM3 = .)

.bss            0x20000048      0x320
                0x20000048                _bss = .
                [!provide]                PROVIDE (__start_bss_RAM = .)
                [!provide]                PROVIDE (__start_bss_SRAM0_1_2 = .)
 *(SORT_BY_ALIGNMENT(.bss*))
 .bss.txFrame   0x20000048       0x10 ./source/mcan_interrupt_transfer.o
                0x20000048                txFrame
 .bss.rxFrame   0x20000058       0x10 ./source/mcan_interrupt_transfer.o
                0x20000058                rxFrame
 .bss.tx_data   0x20000068       0x40 ./source/mcan_interrupt_transfer.o
                0x20000068                tx_data
 .bss.rx_data   0x200000a8       0x40 ./source/mcan_interrupt_transfer.o
                0x200000a8                rx_data
 .bss.mcanHandle
                0x200000e8      0x150 ./source/mcan_interrupt_transfer.o
                0x200000e8                mcanHandle
 .bss.txXfer    0x20000238        0x8 ./source/mcan_interrupt_transfer.o
                0x20000238                txXfer
 .bss.rxXfer    0x20000240        0x4 ./source/mcan_interrupt_transfer.o
                0x20000240                rxXfer
 .bss.txIdentifier
                0x20000244        0x4 ./source/mcan_interrupt_transfer.o
                0x20000244                txIdentifier
 .bss.rxIdentifier
                0x20000248        0x4 ./source/mcan_interrupt_transfer.o
                0x20000248                rxIdentifier
 .bss.s_Pll0_Freq
                0x2000024c        0x4 ./drivers/fsl_clock.o
 .bss.s_Pll1_Freq
                0x20000250        0x4 ./drivers/fsl_clock.o
 .bss.s_flexcommIrqHandler
                0x20000254       0x24 ./drivers/fsl_flexcomm.o
 .bss.s_flexcommHandle
                0x20000278       0x24 ./drivers/fsl_flexcomm.o
 .bss.s_mcanHandle
                0x2000029c        0x4 ./drivers/fsl_mcan.o
 .bss.s_mcanIsr
                0x200002a0        0x4 ./drivers/fsl_mcan.o
 .bss.__Ciob    0x200002a4       0xb4 f:/mcuxpressoide_11.3.1_5262/ide/plugins/com.nxp.mcuxpresso.tools.win32_11.3.0.202008311133/tools/bin/../lib/gcc/arm-none-eabi/9.3.1/../../../../arm-none-eabi/lib/thumb/v8-m.main+fp/hard\libcr_semihost_nf.a(__ciob.o)
                0x200002a4                __Ciob
 .bss.__end_of_heap
                0x20000358        0x4 f:/mcuxpressoide_11.3.1_5262/ide/plugins/com.nxp.mcuxpresso.tools.win32_11.3.0.202008311133/tools/bin/../lib/gcc/arm-none-eabi/9.3.1/../../../../arm-none-eabi/lib/thumb/v8-m.main+fp/hard\libcr_c.a(__init_alloc.o)
                0x20000358                __end_of_heap
 .bss.__heaps   0x2000035c        0x4 f:/mcuxpressoide_11.3.1_5262/ide/plugins/com.nxp.mcuxpresso.tools.win32_11.3.0.202008311133/tools/bin/../lib/gcc/arm-none-eabi/9.3.1/../../../../arm-none-eabi/lib/thumb/v8-m.main+fp/hard\libcr_c.a(__init_alloc.o)
                0x2000035c                __heaps
 .bss.errno     0x20000360        0x4 f:/mcuxpressoide_11.3.1_5262/ide/plugins/com.nxp.mcuxpresso.tools.win32_11.3.0.202008311133/tools/bin/../lib/gcc/arm-none-eabi/9.3.1/../../../../arm-none-eabi/lib/thumb/v8-m.main+fp/hard\libcr_c.a(errno.o)
                0x20000360                errno
 .bss.txComplete
                0x20000364        0x1 ./source/mcan_interrupt_transfer.o
                0x20000364                txComplete
 .bss.rxComplete
                0x20000365        0x1 ./source/mcan_interrupt_transfer.o
                0x20000365                rxComplete
 *(SORT_BY_ALIGNMENT(COMMON))
                0x20000368                . = ALIGN (0x4)
 *fill*         0x20000366        0x2 
                0x20000368                _ebss = .
                [!provide]                PROVIDE (__end_bss_RAM = .)
                [!provide]                PROVIDE (__end_bss_SRAM0_1_2 = .)
                [!provide]                PROVIDE (end = .)

.noinit_RAM2    0x04000000        0x0
                [!provide]                PROVIDE (__start_noinit_RAM2 = .)
                [!provide]                PROVIDE (__start_noinit_SRAMX = .)
 *(SORT_BY_ALIGNMENT(.noinit.$RAM2))
 *(SORT_BY_ALIGNMENT(.noinit.$SRAMX))
 *(SORT_BY_ALIGNMENT(.noinit.$RAM2.*))
 *(SORT_BY_ALIGNMENT(.noinit.$SRAMX.*))
                0x04000000                . = ALIGN (0x4)
                [!provide]                PROVIDE (__end_noinit_RAM2 = .)
                [!provide]                PROVIDE (__end_noinit_SRAMX = .)

.noinit_RAM3    0x20010000        0x0
                [!provide]                PROVIDE (__start_noinit_RAM3 = .)
                [!provide]                PROVIDE (__start_noinit_SRAM3 = .)
 *(SORT_BY_ALIGNMENT(.noinit.$RAM3))
 *(SORT_BY_ALIGNMENT(.noinit.$SRAM3))
 *(SORT_BY_ALIGNMENT(.noinit.$RAM3.*))
 *(SORT_BY_ALIGNMENT(.noinit.$SRAM3.*))
                0x20010000                . = ALIGN (0x4)
                [!provide]                PROVIDE (__end_noinit_RAM3 = .)
                [!provide]                PROVIDE (__end_noinit_SRAM3 = .)

.noinit         0x20000368        0x0
                0x20000368                _noinit = .
                [!provide]                PROVIDE (__start_noinit_RAM = .)
                [!provide]                PROVIDE (__start_noinit_SRAM0_1_2 = .)
 *(SORT_BY_ALIGNMENT(.noinit*))
                0x20000368                . = ALIGN (0x4)
                0x20000368                _end_noinit = .
                [!provide]                PROVIDE (__end_noinit_RAM = .)
                [!provide]                PROVIDE (__end_noinit_SRAM0_1_2 = .)
                0x00001000                _HeapSize = 0x1000

.heap           0x20000368     0x1000
                0x20000368                _pvHeapStart = .
                0x20001368                . = (. + _HeapSize)
 *fill*         0x20000368     0x1000 
                0x20001368                . = ALIGN (0x4)
                0x20001368                _pvHeapLimit = .
                0x00001000                _StackSize = 0x1000

.heap2stackfill
                0x20001368     0x1000
                0x20002368                . = (. + _StackSize)
 *fill*         0x20001368     0x1000 

.stack          0x2000f000        0x0
                0x2000f000                _vStackBase = .
                0x2000f000                . = ALIGN (0x4)
                0x20010000                _vStackTop = (. + _StackSize)
                [!provide]                PROVIDE (__valid_user_code_checksum = (0x0 - ((((((_vStackTop + (ResetISR + 0x1)) + (NMI_Handler + 0x1)) + (HardFault_Handler + 0x1)) + (DEFINED (MemManage_Handler)?MemManage_Handler:0x0 + 0x1)) + (DEFINED (BusFault_Handler)?BusFault_Handler:0x0 + 0x1)) + (DEFINED (UsageFault_Handler)?UsageFault_Handler:0x0 + 0x1))))
                0x00000000                _image_start = LOADADDR (.text)
                0x00004e14                _image_end = (LOADADDR (.data) + SIZEOF (.data))
                0x00004e14                _image_size = (_image_end - _image_start)
OUTPUT(lpcxpresso55s06_mcan_interrupt_transfer.axf elf32-littlearm)
LOAD linker stubs

.debug_info     0x00000000    0x127fd
 .debug_info    0x00000000      0x243 ./utilities/fsl_assert.o
 .debug_info    0x00000243      0x70e ./startup/startup_lpc55s06.o
 .debug_info    0x00000951     0x1841 ./source/mcan_interrupt_transfer.o
 .debug_info    0x00002192       0x3c ./source/semihost_hardfault.o
 .debug_info    0x000021ce     0x2d51 ./drivers/fsl_clock.o
 .debug_info    0x00004f1f     0x1a49 ./drivers/fsl_flexcomm.o
 .debug_info    0x00006968     0x35ae ./drivers/fsl_mcan.o
 .debug_info    0x00009f16     0x3220 ./drivers/fsl_power.o
 .debug_info    0x0000d136      0xf63 ./drivers/fsl_reset.o
 .debug_info    0x0000e099     0x1667 ./device/system_LPC55S06.o
 .debug_info    0x0000f700      0x962 ./board/board.o
 .debug_info    0x00010062     0x1723 ./board/clock_config.o
 .debug_info    0x00011785     0x1078 ./board/pin_mux.o

.debug_abbrev   0x00000000     0x1c75
 .debug_abbrev  0x00000000       0xe9 ./utilities/fsl_assert.o
 .debug_abbrev  0x000000e9      0x15a ./startup/startup_lpc55s06.o
 .debug_abbrev  0x00000243      0x2c8 ./source/mcan_interrupt_transfer.o
 .debug_abbrev  0x0000050b       0x31 ./source/semihost_hardfault.o
 .debug_abbrev  0x0000053c      0x374 ./drivers/fsl_clock.o
 .debug_abbrev  0x000008b0      0x2d8 ./drivers/fsl_flexcomm.o
 .debug_abbrev  0x00000b88      0x430 ./drivers/fsl_mcan.o
 .debug_abbrev  0x00000fb8      0x3bb ./drivers/fsl_power.o
 .debug_abbrev  0x00001373      0x195 ./drivers/fsl_reset.o
 .debug_abbrev  0x00001508      0x20b ./device/system_LPC55S06.o
 .debug_abbrev  0x00001713      0x172 ./board/board.o
 .debug_abbrev  0x00001885      0x1e5 ./board/clock_config.o
 .debug_abbrev  0x00001a6a      0x20b ./board/pin_mux.o

.debug_aranges  0x00000000      0x978
 .debug_aranges
                0x00000000       0x20 ./utilities/fsl_assert.o
 .debug_aranges
                0x00000020      0x270 ./startup/startup_lpc55s06.o
 .debug_aranges
                0x00000290       0x30 ./source/mcan_interrupt_transfer.o
 .debug_aranges
                0x000002c0       0x20 ./source/semihost_hardfault.o
 .debug_aranges
                0x000002e0      0x200 ./drivers/fsl_clock.o
 .debug_aranges
                0x000004e0       0x90 ./drivers/fsl_flexcomm.o
 .debug_aranges
                0x00000570      0x1e0 ./drivers/fsl_mcan.o
 .debug_aranges
                0x00000750       0xd0 ./drivers/fsl_power.o
 .debug_aranges
                0x00000820       0x30 ./drivers/fsl_reset.o
 .debug_aranges
                0x00000850       0x88 ./device/system_LPC55S06.o
 .debug_aranges
                0x000008d8       0x28 ./board/board.o
 .debug_aranges
                0x00000900       0x40 ./board/clock_config.o
 .debug_aranges
                0x00000940       0x38 ./board/pin_mux.o

.debug_ranges   0x00000000      0x8a8
 .debug_ranges  0x00000000       0x10 ./utilities/fsl_assert.o
 .debug_ranges  0x00000010      0x260 ./startup/startup_lpc55s06.o
 .debug_ranges  0x00000270       0x20 ./source/mcan_interrupt_transfer.o
 .debug_ranges  0x00000290       0x10 ./source/semihost_hardfault.o
 .debug_ranges  0x000002a0      0x1f0 ./drivers/fsl_clock.o
 .debug_ranges  0x00000490       0x80 ./drivers/fsl_flexcomm.o
 .debug_ranges  0x00000510      0x1d0 ./drivers/fsl_mcan.o
 .debug_ranges  0x000006e0       0xc0 ./drivers/fsl_power.o
 .debug_ranges  0x000007a0       0x20 ./drivers/fsl_reset.o
 .debug_ranges  0x000007c0       0x78 ./device/system_LPC55S06.o
 .debug_ranges  0x00000838       0x18 ./board/board.o
 .debug_ranges  0x00000850       0x30 ./board/clock_config.o
 .debug_ranges  0x00000880       0x28 ./board/pin_mux.o

.debug_macro    0x00000000    0x13b40
 .debug_macro   0x00000000      0x166 ./utilities/fsl_assert.o
 .debug_macro   0x00000166      0xade ./utilities/fsl_assert.o
 .debug_macro   0x00000c44       0x10 ./utilities/fsl_assert.o
 .debug_macro   0x00000c54       0x1c ./utilities/fsl_assert.o
 .debug_macro   0x00000c70       0x22 ./utilities/fsl_assert.o
 .debug_macro   0x00000c92      0x12e ./utilities/fsl_assert.o
 .debug_macro   0x00000dc0      0x5b3 ./utilities/fsl_assert.o
 .debug_macro   0x00001373       0x22 ./utilities/fsl_assert.o
 .debug_macro   0x00001395       0x10 ./utilities/fsl_assert.o
 .debug_macro   0x000013a5       0x46 ./utilities/fsl_assert.o
 .debug_macro   0x000013eb       0x1c ./utilities/fsl_assert.o
 .debug_macro   0x00001407       0x29 ./utilities/fsl_assert.o
 .debug_macro   0x00001430      0x101 ./utilities/fsl_assert.o
 .debug_macro   0x00001531     0x1336 ./utilities/fsl_assert.o
 .debug_macro   0x00002867       0x5e ./utilities/fsl_assert.o
 .debug_macro   0x000028c5       0x2e ./utilities/fsl_assert.o
 .debug_macro   0x000028f3     0xef4b ./utilities/fsl_assert.o
 .debug_macro   0x0001183e      0x35b ./utilities/fsl_assert.o
 .debug_macro   0x00011b99       0xd7 ./utilities/fsl_assert.o
 .debug_macro   0x00011c70      0x2a0 ./utilities/fsl_assert.o
 .debug_macro   0x00011f10       0x16 ./utilities/fsl_assert.o
 .debug_macro   0x00011f26       0x8e ./utilities/fsl_assert.o
 .debug_macro   0x00011fb4       0x2e ./utilities/fsl_assert.o
 .debug_macro   0x00011fe2       0x2e ./utilities/fsl_assert.o
 .debug_macro   0x00012010       0x47 ./utilities/fsl_assert.o
 .debug_macro   0x00012057       0x16 ./utilities/fsl_assert.o
 .debug_macro   0x0001206d       0xd2 ./utilities/fsl_assert.o
 .debug_macro   0x0001213f       0x1c ./utilities/fsl_assert.o
 .debug_macro   0x0001215b       0x29 ./startup/startup_lpc55s06.o
 .debug_macro   0x00012184      0x1fa ./source/mcan_interrupt_transfer.o
 .debug_macro   0x0001237e       0x16 ./source/mcan_interrupt_transfer.o
 .debug_macro   0x00012394       0x28 ./source/mcan_interrupt_transfer.o
 .debug_macro   0x000123bc       0x10 ./source/mcan_interrupt_transfer.o
 .debug_macro   0x000123cc       0xf6 ./source/mcan_interrupt_transfer.o
 .debug_macro   0x000124c2      0x206 ./source/mcan_interrupt_transfer.o
 .debug_macro   0x000126c8       0x40 ./source/mcan_interrupt_transfer.o
 .debug_macro   0x00012708       0x11 ./source/semihost_hardfault.o
 .debug_macro   0x00012719      0x1bd ./drivers/fsl_clock.o
 .debug_macro   0x000128d6      0x2cc ./drivers/fsl_clock.o
 .debug_macro   0x00012ba2      0x127 ./drivers/fsl_flexcomm.o
 .debug_macro   0x00012cc9       0x10 ./drivers/fsl_flexcomm.o
 .debug_macro   0x00012cd9      0x19f ./drivers/fsl_mcan.o
 .debug_macro   0x00012e78       0x10 ./drivers/fsl_mcan.o
 .debug_macro   0x00012e88      0x3ef ./drivers/fsl_power.o
 .debug_macro   0x00013277      0x11e ./drivers/fsl_reset.o
 .debug_macro   0x00013395       0xc1 ./device/system_LPC55S06.o
 .debug_macro   0x00013456      0x19a ./board/board.o
 .debug_macro   0x000135f0      0x13e ./board/clock_config.o
 .debug_macro   0x0001372e      0x2c6 ./board/clock_config.o
 .debug_macro   0x000139f4       0x22 ./board/clock_config.o
 .debug_macro   0x00013a16      0x12a ./board/pin_mux.o

.debug_line     0x00000000     0x6480
 .debug_line    0x00000000      0x42f ./utilities/fsl_assert.o
 .debug_line    0x0000042f      0x6b8 ./startup/startup_lpc55s06.o
 .debug_line    0x00000ae7      0x78b ./source/mcan_interrupt_transfer.o
 .debug_line    0x00001272       0x59 ./source/semihost_hardfault.o
 .debug_line    0x000012cb     0x1594 ./drivers/fsl_clock.o
 .debug_line    0x0000285f      0x5d6 ./drivers/fsl_flexcomm.o
 .debug_line    0x00002e35     0x10e7 ./drivers/fsl_mcan.o
 .debug_line    0x00003f1c      0xea9 ./drivers/fsl_power.o
 .debug_line    0x00004dc5      0x38d ./drivers/fsl_reset.o
 .debug_line    0x00005152      0x69c ./device/system_LPC55S06.o
 .debug_line    0x000057ee      0x4bf ./board/board.o
 .debug_line    0x00005cad      0x3f9 ./board/clock_config.o
 .debug_line    0x000060a6      0x3da ./board/pin_mux.o

.debug_str      0x00000000    0xa6c01
 .debug_str     0x00000000    0x9b930 ./utilities/fsl_assert.o
                              0x9b9e1 (size before relaxing)
 .debug_str     0x0009b930      0x6b5 ./startup/startup_lpc55s06.o
                               0x35ab (size before relaxing)
 .debug_str     0x0009bfe5     0x3a19 ./source/mcan_interrupt_transfer.o
                              0x9f464 (size before relaxing)
 .debug_str     0x0009f9fe       0x1f ./source/semihost_hardfault.o
                               0x2eb8 (size before relaxing)
 .debug_str     0x0009fa1d     0x2ba5 ./drivers/fsl_clock.o
                              0x9f37c (size before relaxing)
 .debug_str     0x000a25c2     0x1056 ./drivers/fsl_flexcomm.o
                              0x9d191 (size before relaxing)
 .debug_str     0x000a3618      0xe17 ./drivers/fsl_mcan.o
                              0x9e62a (size before relaxing)
 .debug_str     0x000a442f     0x2448 ./drivers/fsl_power.o
                              0xa115c (size before relaxing)
 .debug_str     0x000a6877       0xae ./drivers/fsl_reset.o
                              0x9bd46 (size before relaxing)
 .debug_str     0x000a6925       0xf6 ./device/system_LPC55S06.o
                              0x9a0b0 (size before relaxing)
 .debug_str     0x000a6a1b       0xbb ./board/board.o
                              0x9e185 (size before relaxing)
 .debug_str     0x000a6ad6       0x7b ./board/clock_config.o
                              0x9dbe7 (size before relaxing)
 .debug_str     0x000a6b51       0xb0 ./board/pin_mux.o
                              0x9c40f (size before relaxing)

.comment        0x00000000       0x4c
 .comment       0x00000000       0x4c ./utilities/fsl_assert.o
                                 0x4d (size before relaxing)
 .comment       0x0000004c       0x4d ./startup/startup_lpc55s06.o
 .comment       0x0000004c       0x4d ./source/mcan_interrupt_transfer.o
 .comment       0x0000004c       0x4d ./source/semihost_hardfault.o
 .comment       0x0000004c       0x4d ./drivers/fsl_clock.o
 .comment       0x0000004c       0x4d ./drivers/fsl_flexcomm.o
 .comment       0x0000004c       0x4d ./drivers/fsl_mcan.o
 .comment       0x0000004c       0x4d ./drivers/fsl_power.o
 .comment       0x0000004c       0x4d ./drivers/fsl_reset.o
 .comment       0x0000004c       0x4d ./device/system_LPC55S06.o
 .comment       0x0000004c       0x4d ./board/board.o
 .comment       0x0000004c       0x4d ./board/clock_config.o
 .comment       0x0000004c       0x4d ./board/pin_mux.o
 .comment       0x0000004c       0x4d f:/mcuxpressoide_11.3.1_5262/ide/plugins/com.nxp.mcuxpresso.tools.win32_11.3.0.202008311133/tools/bin/../lib/gcc/arm-none-eabi/9.3.1/../../../../arm-none-eabi/lib/thumb/v8-m.main+fp/hard\libcr_semihost_nf.a(__ciob.o)
 .comment       0x0000004c       0x4d f:/mcuxpressoide_11.3.1_5262/ide/plugins/com.nxp.mcuxpresso.tools.win32_11.3.0.202008311133/tools/bin/../lib/gcc/arm-none-eabi/9.3.1/../../../../arm-none-eabi/lib/thumb/v8-m.main+fp/hard\libcr_semihost_nf.a(_cr__main.o)
 .comment       0x0000004c       0x4d f:/mcuxpressoide_11.3.1_5262/ide/plugins/com.nxp.mcuxpresso.tools.win32_11.3.0.202008311133/tools/bin/../lib/gcc/arm-none-eabi/9.3.1/../../../../arm-none-eabi/lib/thumb/v8-m.main+fp/hard\libcr_c.a(memcpy.o)
 .comment       0x0000004c       0x4d f:/mcuxpressoide_11.3.1_5262/ide/plugins/com.nxp.mcuxpresso.tools.win32_11.3.0.202008311133/tools/bin/../lib/gcc/arm-none-eabi/9.3.1/../../../../arm-none-eabi/lib/thumb/v8-m.main+fp/hard\libcr_c.a(memset.o)
 .comment       0x0000004c       0x4d f:/mcuxpressoide_11.3.1_5262/ide/plugins/com.nxp.mcuxpresso.tools.win32_11.3.0.202008311133/tools/bin/../lib/gcc/arm-none-eabi/9.3.1/../../../../arm-none-eabi/lib/thumb/v8-m.main+fp/hard\libcr_c.a(__fillbuf.o)
 .comment       0x0000004c       0x4d f:/mcuxpressoide_11.3.1_5262/ide/plugins/com.nxp.mcuxpresso.tools.win32_11.3.0.202008311133/tools/bin/../lib/gcc/arm-none-eabi/9.3.1/../../../../arm-none-eabi/lib/thumb/v8-m.main+fp/hard\libcr_c.a(_deferredlazyseek.o)
 .comment       0x0000004c       0x4d f:/mcuxpressoide_11.3.1_5262/ide/plugins/com.nxp.mcuxpresso.tools.win32_11.3.0.202008311133/tools/bin/../lib/gcc/arm-none-eabi/9.3.1/../../../../arm-none-eabi/lib/thumb/v8-m.main+fp/hard\libcr_c.a(_fflush.o)
 .comment       0x0000004c       0x4d f:/mcuxpressoide_11.3.1_5262/ide/plugins/com.nxp.mcuxpresso.tools.win32_11.3.0.202008311133/tools/bin/../lib/gcc/arm-none-eabi/9.3.1/../../../../arm-none-eabi/lib/thumb/v8-m.main+fp/hard\libcr_c.a(_writebuf.o)
 .comment       0x0000004c       0x4d f:/mcuxpressoide_11.3.1_5262/ide/plugins/com.nxp.mcuxpresso.tools.win32_11.3.0.202008311133/tools/bin/../lib/gcc/arm-none-eabi/9.3.1/../../../../arm-none-eabi/lib/thumb/v8-m.main+fp/hard\libcr_c.a(alloc.o)
 .comment       0x0000004c       0x4d f:/mcuxpressoide_11.3.1_5262/ide/plugins/com.nxp.mcuxpresso.tools.win32_11.3.0.202008311133/tools/bin/../lib/gcc/arm-none-eabi/9.3.1/../../../../arm-none-eabi/lib/thumb/v8-m.main+fp/hard\libcr_c.a(fseek.o)
 .comment       0x0000004c       0x4d f:/mcuxpressoide_11.3.1_5262/ide/plugins/com.nxp.mcuxpresso.tools.win32_11.3.0.202008311133/tools/bin/../lib/gcc/arm-none-eabi/9.3.1/../../../../arm-none-eabi/lib/thumb/v8-m.main+fp/hard\libcr_c.a(ftell.o)
 .comment       0x0000004c       0x4d f:/mcuxpressoide_11.3.1_5262/ide/plugins/com.nxp.mcuxpresso.tools.win32_11.3.0.202008311133/tools/bin/../lib/gcc/arm-none-eabi/9.3.1/../../../../arm-none-eabi/lib/thumb/v8-m.main+fp/hard\libcr_c.a(initio.o)
 .comment       0x0000004c       0x4d f:/mcuxpressoide_11.3.1_5262/ide/plugins/com.nxp.mcuxpresso.tools.win32_11.3.0.202008311133/tools/bin/../lib/gcc/arm-none-eabi/9.3.1/../../../../arm-none-eabi/lib/thumb/v8-m.main+fp/hard\libcr_c.a(printf.o)
 .comment       0x0000004c       0x4d f:/mcuxpressoide_11.3.1_5262/ide/plugins/com.nxp.mcuxpresso.tools.win32_11.3.0.202008311133/tools/bin/../lib/gcc/arm-none-eabi/9.3.1/../../../../arm-none-eabi/lib/thumb/v8-m.main+fp/hard\libcr_c.a(setvbuf.o)
 .comment       0x0000004c       0x4d f:/mcuxpressoide_11.3.1_5262/ide/plugins/com.nxp.mcuxpresso.tools.win32_11.3.0.202008311133/tools/bin/../lib/gcc/arm-none-eabi/9.3.1/../../../../arm-none-eabi/lib/thumb/v8-m.main+fp/hard\libcr_c.a(strlen.o)
 .comment       0x0000004c       0x4d f:/mcuxpressoide_11.3.1_5262/ide/plugins/com.nxp.mcuxpresso.tools.win32_11.3.0.202008311133/tools/bin/../lib/gcc/arm-none-eabi/9.3.1/../../../../arm-none-eabi/lib/thumb/v8-m.main+fp/hard\libcr_c.a(__init_alloc.o)
 .comment       0x0000004c       0x4d f:/mcuxpressoide_11.3.1_5262/ide/plugins/com.nxp.mcuxpresso.tools.win32_11.3.0.202008311133/tools/bin/../lib/gcc/arm-none-eabi/9.3.1/../../../../arm-none-eabi/lib/thumb/v8-m.main+fp/hard\libcr_c.a(_cr_sbrk.o)
 .comment       0x0000004c       0x4d f:/mcuxpressoide_11.3.1_5262/ide/plugins/com.nxp.mcuxpresso.tools.win32_11.3.0.202008311133/tools/bin/../lib/gcc/arm-none-eabi/9.3.1/../../../../arm-none-eabi/lib/thumb/v8-m.main+fp/hard\libcr_c.a(_fdopen.o)
 .comment       0x0000004c       0x4d f:/mcuxpressoide_11.3.1_5262/ide/plugins/com.nxp.mcuxpresso.tools.win32_11.3.0.202008311133/tools/bin/../lib/gcc/arm-none-eabi/9.3.1/../../../../arm-none-eabi/lib/thumb/v8-m.main+fp/hard\libcr_c.a(errno.o)
 .comment       0x0000004c       0x4d f:/mcuxpressoide_11.3.1_5262/ide/plugins/com.nxp.mcuxpresso.tools.win32_11.3.0.202008311133/tools/bin/../lib/gcc/arm-none-eabi/9.3.1/../../../../arm-none-eabi/lib/thumb/v8-m.main+fp/hard\libcr_c.a(fclose.o)
 .comment       0x0000004c       0x4d f:/mcuxpressoide_11.3.1_5262/ide/plugins/com.nxp.mcuxpresso.tools.win32_11.3.0.202008311133/tools/bin/../lib/gcc/arm-none-eabi/9.3.1/../../../../arm-none-eabi/lib/thumb/v8-m.main+fp/hard\libcr_c.a(fflush.o)
 .comment       0x0000004c       0x4d f:/mcuxpressoide_11.3.1_5262/ide/plugins/com.nxp.mcuxpresso.tools.win32_11.3.0.202008311133/tools/bin/../lib/gcc/arm-none-eabi/9.3.1/../../../../arm-none-eabi/lib/thumb/v8-m.main+fp/hard\libcr_c.a(remove.o)
 .comment       0x0000004c       0x4d f:/mcuxpressoide_11.3.1_5262/ide/plugins/com.nxp.mcuxpresso.tools.win32_11.3.0.202008311133/tools/bin/../lib/gcc/arm-none-eabi/9.3.1/../../../../arm-none-eabi/lib/thumb/v8-m.main+fp/hard\libcr_c.a(_cr_check_heap.o)
 .comment       0x0000004c       0x4d f:/mcuxpressoide_11.3.1_5262/ide/plugins/com.nxp.mcuxpresso.tools.win32_11.3.0.202008311133/tools/bin/../lib/gcc/arm-none-eabi/9.3.1/../../../../arm-none-eabi/lib/thumb/v8-m.main+fp/hard\libcr_c.a(_do_fflush.o)

.ARM.attributes
                0x00000000       0x38
 .ARM.attributes
                0x00000000       0x3a ./utilities/fsl_assert.o
 .ARM.attributes
                0x0000003a       0x3a ./startup/startup_lpc55s06.o
 .ARM.attributes
                0x00000074       0x3a ./source/mcan_interrupt_transfer.o
 .ARM.attributes
                0x000000ae       0x3a ./source/semihost_hardfault.o
 .ARM.attributes
                0x000000e8       0x3a ./drivers/fsl_clock.o
 .ARM.attributes
                0x00000122       0x3a ./drivers/fsl_flexcomm.o
 .ARM.attributes
                0x0000015c       0x3a ./drivers/fsl_mcan.o
 .ARM.attributes
                0x00000196       0x3a ./drivers/fsl_power.o
 .ARM.attributes
                0x000001d0       0x3a ./drivers/fsl_reset.o
 .ARM.attributes
                0x0000020a       0x3a ./device/system_LPC55S06.o
 .ARM.attributes
                0x00000244       0x3a ./board/board.o
 .ARM.attributes
                0x0000027e       0x3a ./board/clock_config.o
 .ARM.attributes
                0x000002b8       0x3a ./board/pin_mux.o
 .ARM.attributes
                0x000002f2       0x3c f:/mcuxpressoide_11.3.1_5262/ide/plugins/com.nxp.mcuxpresso.tools.win32_11.3.0.202008311133/tools/bin/../lib/gcc/arm-none-eabi/9.3.1/../../../../arm-none-eabi/lib/thumb/v8-m.main+fp/hard\libcr_semihost_nf.a(__ciob.o)
 .ARM.attributes
                0x0000032e       0x3a f:/mcuxpressoide_11.3.1_5262/ide/plugins/com.nxp.mcuxpresso.tools.win32_11.3.0.202008311133/tools/bin/../lib/gcc/arm-none-eabi/9.3.1/../../../../arm-none-eabi/lib/thumb/v8-m.main+fp/hard\libcr_semihost_nf.a(_cr__main.o)
 .ARM.attributes
                0x00000368       0x3a f:/mcuxpressoide_11.3.1_5262/ide/plugins/com.nxp.mcuxpresso.tools.win32_11.3.0.202008311133/tools/bin/../lib/gcc/arm-none-eabi/9.3.1/../../../../arm-none-eabi/lib/thumb/v8-m.main+fp/hard\libcr_c.a(memcpy.o)
 .ARM.attributes
                0x000003a2       0x3a f:/mcuxpressoide_11.3.1_5262/ide/plugins/com.nxp.mcuxpresso.tools.win32_11.3.0.202008311133/tools/bin/../lib/gcc/arm-none-eabi/9.3.1/../../../../arm-none-eabi/lib/thumb/v8-m.main+fp/hard\libcr_c.a(memset.o)
 .ARM.attributes
                0x000003dc       0x3a f:/mcuxpressoide_11.3.1_5262/ide/plugins/com.nxp.mcuxpresso.tools.win32_11.3.0.202008311133/tools/bin/../lib/gcc/arm-none-eabi/9.3.1/../../../../arm-none-eabi/lib/thumb/v8-m.main+fp/hard\libcr_c.a(__fillbuf.o)
 .ARM.attributes
                0x00000416       0x3a f:/mcuxpressoide_11.3.1_5262/ide/plugins/com.nxp.mcuxpresso.tools.win32_11.3.0.202008311133/tools/bin/../lib/gcc/arm-none-eabi/9.3.1/../../../../arm-none-eabi/lib/thumb/v8-m.main+fp/hard\libcr_c.a(_deferredlazyseek.o)
 .ARM.attributes
                0x00000450       0x3a f:/mcuxpressoide_11.3.1_5262/ide/plugins/com.nxp.mcuxpresso.tools.win32_11.3.0.202008311133/tools/bin/../lib/gcc/arm-none-eabi/9.3.1/../../../../arm-none-eabi/lib/thumb/v8-m.main+fp/hard\libcr_c.a(_fflush.o)
 .ARM.attributes
                0x0000048a       0x3a f:/mcuxpressoide_11.3.1_5262/ide/plugins/com.nxp.mcuxpresso.tools.win32_11.3.0.202008311133/tools/bin/../lib/gcc/arm-none-eabi/9.3.1/../../../../arm-none-eabi/lib/thumb/v8-m.main+fp/hard\libcr_c.a(_writebuf.o)
 .ARM.attributes
                0x000004c4       0x3a f:/mcuxpressoide_11.3.1_5262/ide/plugins/com.nxp.mcuxpresso.tools.win32_11.3.0.202008311133/tools/bin/../lib/gcc/arm-none-eabi/9.3.1/../../../../arm-none-eabi/lib/thumb/v8-m.main+fp/hard\libcr_c.a(alloc.o)
 .ARM.attributes
                0x000004fe       0x3a f:/mcuxpressoide_11.3.1_5262/ide/plugins/com.nxp.mcuxpresso.tools.win32_11.3.0.202008311133/tools/bin/../lib/gcc/arm-none-eabi/9.3.1/../../../../arm-none-eabi/lib/thumb/v8-m.main+fp/hard\libcr_c.a(fseek.o)
 .ARM.attributes
                0x00000538       0x3a f:/mcuxpressoide_11.3.1_5262/ide/plugins/com.nxp.mcuxpresso.tools.win32_11.3.0.202008311133/tools/bin/../lib/gcc/arm-none-eabi/9.3.1/../../../../arm-none-eabi/lib/thumb/v8-m.main+fp/hard\libcr_c.a(ftell.o)
 .ARM.attributes
                0x00000572       0x3a f:/mcuxpressoide_11.3.1_5262/ide/plugins/com.nxp.mcuxpresso.tools.win32_11.3.0.202008311133/tools/bin/../lib/gcc/arm-none-eabi/9.3.1/../../../../arm-none-eabi/lib/thumb/v8-m.main+fp/hard\libcr_c.a(initio.o)
 .ARM.attributes
                0x000005ac       0x3a f:/mcuxpressoide_11.3.1_5262/ide/plugins/com.nxp.mcuxpresso.tools.win32_11.3.0.202008311133/tools/bin/../lib/gcc/arm-none-eabi/9.3.1/../../../../arm-none-eabi/lib/thumb/v8-m.main+fp/hard\libcr_c.a(printf.o)
 .ARM.attributes
                0x000005e6       0x3a f:/mcuxpressoide_11.3.1_5262/ide/plugins/com.nxp.mcuxpresso.tools.win32_11.3.0.202008311133/tools/bin/../lib/gcc/arm-none-eabi/9.3.1/../../../../arm-none-eabi/lib/thumb/v8-m.main+fp/hard\libcr_c.a(setvbuf.o)
 .ARM.attributes
                0x00000620       0x3a f:/mcuxpressoide_11.3.1_5262/ide/plugins/com.nxp.mcuxpresso.tools.win32_11.3.0.202008311133/tools/bin/../lib/gcc/arm-none-eabi/9.3.1/../../../../arm-none-eabi/lib/thumb/v8-m.main+fp/hard\libcr_c.a(strlen.o)
 .ARM.attributes
                0x0000065a       0x3a f:/mcuxpressoide_11.3.1_5262/ide/plugins/com.nxp.mcuxpresso.tools.win32_11.3.0.202008311133/tools/bin/../lib/gcc/arm-none-eabi/9.3.1/../../../../arm-none-eabi/lib/thumb/v8-m.main+fp/hard\libcr_c.a(__init_alloc.o)
 .ARM.attributes
                0x00000694       0x3a f:/mcuxpressoide_11.3.1_5262/ide/plugins/com.nxp.mcuxpresso.tools.win32_11.3.0.202008311133/tools/bin/../lib/gcc/arm-none-eabi/9.3.1/../../../../arm-none-eabi/lib/thumb/v8-m.main+fp/hard\libcr_c.a(_cr_sbrk.o)
 .ARM.attributes
                0x000006ce       0x3a f:/mcuxpressoide_11.3.1_5262/ide/plugins/com.nxp.mcuxpresso.tools.win32_11.3.0.202008311133/tools/bin/../lib/gcc/arm-none-eabi/9.3.1/../../../../arm-none-eabi/lib/thumb/v8-m.main+fp/hard\libcr_c.a(_fdopen.o)
 .ARM.attributes
                0x00000708       0x3c f:/mcuxpressoide_11.3.1_5262/ide/plugins/com.nxp.mcuxpresso.tools.win32_11.3.0.202008311133/tools/bin/../lib/gcc/arm-none-eabi/9.3.1/../../../../arm-none-eabi/lib/thumb/v8-m.main+fp/hard\libcr_c.a(errno.o)
 .ARM.attributes
                0x00000744       0x3a f:/mcuxpressoide_11.3.1_5262/ide/plugins/com.nxp.mcuxpresso.tools.win32_11.3.0.202008311133/tools/bin/../lib/gcc/arm-none-eabi/9.3.1/../../../../arm-none-eabi/lib/thumb/v8-m.main+fp/hard\libcr_c.a(fclose.o)
 .ARM.attributes
                0x0000077e       0x3a f:/mcuxpressoide_11.3.1_5262/ide/plugins/com.nxp.mcuxpresso.tools.win32_11.3.0.202008311133/tools/bin/../lib/gcc/arm-none-eabi/9.3.1/../../../../arm-none-eabi/lib/thumb/v8-m.main+fp/hard\libcr_c.a(fflush.o)
 .ARM.attributes
                0x000007b8       0x3a f:/mcuxpressoide_11.3.1_5262/ide/plugins/com.nxp.mcuxpresso.tools.win32_11.3.0.202008311133/tools/bin/../lib/gcc/arm-none-eabi/9.3.1/../../../../arm-none-eabi/lib/thumb/v8-m.main+fp/hard\libcr_c.a(remove.o)
 .ARM.attributes
                0x000007f2       0x3a f:/mcuxpressoide_11.3.1_5262/ide/plugins/com.nxp.mcuxpresso.tools.win32_11.3.0.202008311133/tools/bin/../lib/gcc/arm-none-eabi/9.3.1/../../../../arm-none-eabi/lib/thumb/v8-m.main+fp/hard\libcr_c.a(_cr_check_heap.o)
 .ARM.attributes
                0x0000082c       0x3a f:/mcuxpressoide_11.3.1_5262/ide/plugins/com.nxp.mcuxpresso.tools.win32_11.3.0.202008311133/tools/bin/../lib/gcc/arm-none-eabi/9.3.1/../../../../arm-none-eabi/lib/thumb/v8-m.main+fp/hard\libcr_c.a(_do_fflush.o)
 .ARM.attributes
                0x00000866       0x26 f:/mcuxpressoide_11.3.1_5262/ide/plugins/com.nxp.mcuxpresso.tools.win32_11.3.0.202008311133/tools/bin/../lib/gcc/arm-none-eabi/9.3.1/thumb/v8-m.main+fp/hard\libcr_eabihelpers.a(memcpy.o)
 .ARM.attributes
                0x0000088c       0x26 f:/mcuxpressoide_11.3.1_5262/ide/plugins/com.nxp.mcuxpresso.tools.win32_11.3.0.202008311133/tools/bin/../lib/gcc/arm-none-eabi/9.3.1/../../../../arm-none-eabi/lib/thumb/v8-m.main+fp/hard\libcr_semihost_nf.a(__sys_appexit.o)
 .ARM.attributes
                0x000008b2       0x26 f:/mcuxpressoide_11.3.1_5262/ide/plugins/com.nxp.mcuxpresso.tools.win32_11.3.0.202008311133/tools/bin/../lib/gcc/arm-none-eabi/9.3.1/../../../../arm-none-eabi/lib/thumb/v8-m.main+fp/hard\libcr_semihost_nf.a(__sys_close.o)
 .ARM.attributes
                0x000008d8       0x26 f:/mcuxpressoide_11.3.1_5262/ide/plugins/com.nxp.mcuxpresso.tools.win32_11.3.0.202008311133/tools/bin/../lib/gcc/arm-none-eabi/9.3.1/../../../../arm-none-eabi/lib/thumb/v8-m.main+fp/hard\libcr_semihost_nf.a(__sys_flen.o)
 .ARM.attributes
                0x000008fe       0x26 f:/mcuxpressoide_11.3.1_5262/ide/plugins/com.nxp.mcuxpresso.tools.win32_11.3.0.202008311133/tools/bin/../lib/gcc/arm-none-eabi/9.3.1/../../../../arm-none-eabi/lib/thumb/v8-m.main+fp/hard\libcr_semihost_nf.a(__sys_istty.o)
 .ARM.attributes
                0x00000924       0x26 f:/mcuxpressoide_11.3.1_5262/ide/plugins/com.nxp.mcuxpresso.tools.win32_11.3.0.202008311133/tools/bin/../lib/gcc/arm-none-eabi/9.3.1/../../../../arm-none-eabi/lib/thumb/v8-m.main+fp/hard\libcr_semihost_nf.a(__sys_read.o)
 .ARM.attributes
                0x0000094a       0x26 f:/mcuxpressoide_11.3.1_5262/ide/plugins/com.nxp.mcuxpresso.tools.win32_11.3.0.202008311133/tools/bin/../lib/gcc/arm-none-eabi/9.3.1/../../../../arm-none-eabi/lib/thumb/v8-m.main+fp/hard\libcr_semihost_nf.a(__sys_readc.o)
 .ARM.attributes
                0x00000970       0x26 f:/mcuxpressoide_11.3.1_5262/ide/plugins/com.nxp.mcuxpresso.tools.win32_11.3.0.202008311133/tools/bin/../lib/gcc/arm-none-eabi/9.3.1/../../../../arm-none-eabi/lib/thumb/v8-m.main+fp/hard\libcr_semihost_nf.a(__sys_remove.o)
 .ARM.attributes
                0x00000996       0x26 f:/mcuxpressoide_11.3.1_5262/ide/plugins/com.nxp.mcuxpresso.tools.win32_11.3.0.202008311133/tools/bin/../lib/gcc/arm-none-eabi/9.3.1/../../../../arm-none-eabi/lib/thumb/v8-m.main+fp/hard\libcr_semihost_nf.a(__sys_seek.o)
 .ARM.attributes
                0x000009bc       0x26 f:/mcuxpressoide_11.3.1_5262/ide/plugins/com.nxp.mcuxpresso.tools.win32_11.3.0.202008311133/tools/bin/../lib/gcc/arm-none-eabi/9.3.1/../../../../arm-none-eabi/lib/thumb/v8-m.main+fp/hard\libcr_semihost_nf.a(__sys_tmpnam.o)
 .ARM.attributes
                0x000009e2       0x26 f:/mcuxpressoide_11.3.1_5262/ide/plugins/com.nxp.mcuxpresso.tools.win32_11.3.0.202008311133/tools/bin/../lib/gcc/arm-none-eabi/9.3.1/../../../../arm-none-eabi/lib/thumb/v8-m.main+fp/hard\libcr_semihost_nf.a(__sys_write.o)

.debug_frame    0x00000000     0x22f0
 .debug_frame   0x00000000       0x30 ./utilities/fsl_assert.o
 .debug_frame   0x00000030      0x6bc ./startup/startup_lpc55s06.o
 .debug_frame   0x000006ec       0x80 ./source/mcan_interrupt_transfer.o
 .debug_frame   0x0000076c       0x20 ./source/semihost_hardfault.o
 .debug_frame   0x0000078c      0x8e0 ./drivers/fsl_clock.o
 .debug_frame   0x0000106c      0x234 ./drivers/fsl_flexcomm.o
 .debug_frame   0x000012a0      0x898 ./drivers/fsl_mcan.o
 .debug_frame   0x00001b38      0x388 ./drivers/fsl_power.o
 .debug_frame   0x00001ec0       0x7c ./drivers/fsl_reset.o
 .debug_frame   0x00001f3c      0x208 ./device/system_LPC55S06.o
 .debug_frame   0x00002144       0x5c ./board/board.o
 .debug_frame   0x000021a0       0xb0 ./board/clock_config.o
 .debug_frame   0x00002250       0xa0 ./board/pin_mux.o

Cross Reference Table

Symbol                                            File
ACMP_DriverIRQHandler                             ./startup/startup_lpc55s06.o
ACMP_IRQHandler                                   ./startup/startup_lpc55s06.o
ADC0_DriverIRQHandler                             ./startup/startup_lpc55s06.o
ADC0_IRQHandler                                   ./startup/startup_lpc55s06.o
BOARD_BootClockFRO12M                             ./board/clock_config.o
BOARD_BootClockFROHF96M                           ./board/clock_config.o
                                                  ./source/mcan_interrupt_transfer.o
BOARD_BootClockPLL96M                             ./board/clock_config.o
BOARD_InitBootClocks                              ./board/clock_config.o
BOARD_InitBootPins                                ./board/pin_mux.o
BOARD_InitDebugConsole                            ./board/board.o
                                                  ./source/mcan_interrupt_transfer.o
BOARD_InitPins                                    ./board/pin_mux.o
                                                  ./source/mcan_interrupt_transfer.o
BusFault_Handler                                  ./startup/startup_lpc55s06.o
CAN0_IRQ0_DriverIRQHandler                        ./drivers/fsl_mcan.o
                                                  ./startup/startup_lpc55s06.o
CAN0_IRQ0_IRQHandler                              ./startup/startup_lpc55s06.o
CAN0_IRQ1_DriverIRQHandler                        ./drivers/fsl_mcan.o
                                                  ./startup/startup_lpc55s06.o
CAN0_IRQ1_IRQHandler                              ./startup/startup_lpc55s06.o
CASER_DriverIRQHandler                            ./startup/startup_lpc55s06.o
CASER_IRQHandler                                  ./startup/startup_lpc55s06.o
CLOCK_AttachClk                                   ./drivers/fsl_clock.o
                                                  ./board/clock_config.o
                                                  ./board/board.o
                                                  ./drivers/fsl_power.o
                                                  ./source/mcan_interrupt_transfer.o
CLOCK_GetAdcClkFreq                               ./drivers/fsl_clock.o
CLOCK_GetCTimerClkFreq                            ./drivers/fsl_clock.o
CLOCK_GetClockAttachId                            ./drivers/fsl_clock.o
CLOCK_GetClockOutClkFreq                          ./drivers/fsl_clock.o
CLOCK_GetCoreSysClkFreq                           ./drivers/fsl_clock.o
CLOCK_GetExtClkFreq                               ./drivers/fsl_clock.o
CLOCK_GetFlexCommClkFreq                          ./drivers/fsl_clock.o
CLOCK_GetFlexCommInputClock                       ./drivers/fsl_clock.o
CLOCK_GetFreq                                     ./drivers/fsl_clock.o
CLOCK_GetFro12MFreq                               ./drivers/fsl_clock.o
CLOCK_GetFro1MFreq                                ./drivers/fsl_clock.o
CLOCK_GetFroHfFreq                                ./drivers/fsl_clock.o
CLOCK_GetHsLspiClkFreq                            ./drivers/fsl_clock.o
CLOCK_GetI2SMClkFreq                              ./drivers/fsl_clock.o
CLOCK_GetMCanClkFreq                              ./drivers/fsl_clock.o
                                                  ./source/mcan_interrupt_transfer.o
CLOCK_GetMclkClkFreq                              ./drivers/fsl_clock.o
CLOCK_GetOsc32KFreq                               ./drivers/fsl_clock.o
CLOCK_GetPLL0InClockRate                          ./drivers/fsl_clock.o
CLOCK_GetPLL0OutClockRate                         ./drivers/fsl_clock.o
CLOCK_GetPLL0OutFromSetup                         ./drivers/fsl_clock.o
CLOCK_GetPLL1InClockRate                          ./drivers/fsl_clock.o
CLOCK_GetPLL1OutClockRate                         ./drivers/fsl_clock.o
CLOCK_GetPLL1OutFromSetup                         ./drivers/fsl_clock.o
CLOCK_GetPLUClkInFreq                             ./drivers/fsl_clock.o
CLOCK_GetPll0OutFreq                              ./drivers/fsl_clock.o
CLOCK_GetPll1OutFreq                              ./drivers/fsl_clock.o
CLOCK_GetSctClkFreq                               ./drivers/fsl_clock.o
CLOCK_GetSystickClkFreq                           ./drivers/fsl_clock.o
CLOCK_GetWdtClkFreq                               ./drivers/fsl_clock.o
CLOCK_SetClkDiv                                   ./drivers/fsl_clock.o
                                                  ./board/clock_config.o
                                                  ./drivers/fsl_power.o
                                                  ./source/mcan_interrupt_transfer.o
CLOCK_SetFLASHAccessCyclesForFreq                 ./drivers/fsl_clock.o
                                                  ./board/clock_config.o
CLOCK_SetFlexCommClock                            ./drivers/fsl_clock.o
CLOCK_SetPLL0Freq                                 ./drivers/fsl_clock.o
                                                  ./board/clock_config.o
CLOCK_SetPLL1Freq                                 ./drivers/fsl_clock.o
CLOCK_SetRtc1hzClkDiv                             ./drivers/fsl_clock.o
CLOCK_SetRtc1khzClkDiv                            ./drivers/fsl_clock.o
CLOCK_SetStoredPLL0ClockRate                      ./drivers/fsl_clock.o
CLOCK_SetupExtClocking                            ./drivers/fsl_clock.o
                                                  ./board/clock_config.o
CLOCK_SetupFROClocking                            ./drivers/fsl_clock.o
                                                  ./board/clock_config.o
CLOCK_SetupI2SMClkClocking                        ./drivers/fsl_clock.o