fsl_clock.h:675:20:CLOCK_EnableClock	24	static
fsl_power.c:361:13:lf_set_dcdc_power_profile_low	16	static
fsl_power.c:381:13:POWER_EnterLowPower	16	static
fsl_power.c:417:6:POWER_CycleCpuAndFlash	8	static
fsl_power.c:426:6:POWER_EnterDeepSleep	112	static
fsl_power.c:509:6:POWER_EnterPowerDown	208	static
fsl_power.c:684:6:POWER_EnterDeepPowerDown	120	static
fsl_power.c:781:6:POWER_EnterSleep	24	static
fsl_power.c:798:10:POWER_GetLibVersion	4	static
fsl_power.c:808:17:lf_set_ldo_ao_ldo_mem_voltage	32	static
fsl_power.c:905:17:lf_wakeup_io_ctrl	32	static
fsl_power.c:1160:16:CLOCK_u8OscCapConvert	16	static
fsl_power.c:1193:13:lowpower_set_system_voltage	32	static
fsl_power.c:1289:13:lowpower_set_dcdc_power_profile	32	static
fsl_power.c:1385:37:lowpower_get_part_process_corner	24	static
fsl_power.c:1485:13:lowpower_set_voltage_for_process	24	static
fsl_power.c:1568:6:POWER_SetVoltageForFreq	16	static
fsl_power.c:1593:6:POWER_Xtal16mhzCapabankTrim	72	static
fsl_power.c:1658:6:POWER_Xtal32khzCapabankTrim	72	static
fsl_power.c:1715:6:POWER_SetXtal16mhzLdo	24	static
fsl_power.c:1749:6:POWER_SetXtal16mhzTrim	32	static
fsl_power.c:1769:6:POWER_SetBodVbatLevel	24	static
fsl_power.c:1843:6:POWER_GetWakeUpCause	32	static
