core_cm33.h:2127:22:__NVIC_EnableIRQ	16	static
fsl_clock.h:675:20:CLOCK_EnableClock	24	static
fsl_clock.h:685:20:CLOCK_DisableClock	24	static
fsl_common.h:484:28:EnableIRQ	16	static
fsl_mcan.h:498:24:MCAN_GetMsgRAMBase	16	static
fsl_mcan.h:666:24:MCAN_GetStatusFlag	16	static
fsl_mcan.h:679:20:MCAN_ClearStatusFlag	16	static
fsl_mcan.h:694:20:MCAN_GetRxBufferStatusFlag	24	static
fsl_mcan.h:720:20:MCAN_ClearRxBufferStatusFlag	16	static
fsl_mcan.h:751:20:MCAN_EnableInterrupts	24	static
fsl_mcan.h:773:20:MCAN_EnableTransmitBufferInterrupts	16	static
fsl_mcan.h:786:20:MCAN_DisableTransmitBufferInterrupts	16	static
fsl_mcan.h:800:20:MCAN_DisableInterrupts	16	static
fsl_mcan.h:884:20:MCAN_TransmitAddRequest	16	static
fsl_mcan.h:897:20:MCAN_TransmitCancelRequest	16	static
fsl_mcan.c:200:17:MCAN_GetInstance	24	static
fsl_mcan.c:218:13:MCAN_Reset	16	static
fsl_mcan.c:232:13:MCAN_SetBaudRate	32	static
fsl_mcan.c:266:13:MCAN_SetBaudRateFD	32	static
fsl_mcan.c:322:6:MCAN_Init	40	static
fsl_mcan.c:375:6:MCAN_Deinit	16	static
fsl_mcan.c:394:6:MCAN_EnterNormalMode	16	static
fsl_mcan.c:418:6:MCAN_GetDefaultConfig	16	static
fsl_mcan.c:455:13:MCAN_FDGetSegments	40	static
fsl_mcan.c:511:6:MCAN_FDCalculateImprovedTimingValues	40	static
fsl_mcan.c:575:6:MCAN_SetDataTimingConfig	16	static
fsl_mcan.c:598:13:MCAN_GetSegments	40	static
fsl_mcan.c:647:6:MCAN_CalculateImprovedTimingValues	40	static
fsl_mcan.c:702:6:MCAN_SetArbitrationTimingConfig	16	static
fsl_mcan.c:724:6:MCAN_SetFilterConfig	16	static
fsl_mcan.c:748:6:MCAN_SetRxFifo0Config	16	static
fsl_mcan.c:766:6:MCAN_SetRxFifo1Config	16	static
fsl_mcan.c:783:6:MCAN_SetRxBufferConfig	16	static
fsl_mcan.c:799:6:MCAN_SetTxEventFifoConfig	16	static
fsl_mcan.c:815:6:MCAN_SetTxBufferConfig	16	static
fsl_mcan.c:834:6:MCAN_SetSTDFilterElement	32	static
fsl_mcan.c:852:6:MCAN_SetEXTFilterElement	32	static
fsl_mcan.c:862:17:MCAN_GetRxFifo0ElementAddress	24	static
fsl_mcan.c:880:17:MCAN_GetRxFifo1ElementAddress	24	static
fsl_mcan.c:898:17:MCAN_GetRxBufferElementAddress	24	static
fsl_mcan.c:914:17:MCAN_GetTxBufferElementAddress	24	static
fsl_mcan.c:938:10:MCAN_IsTransmitRequestPending	16	static
fsl_mcan.c:951:10:MCAN_IsTransmitOccurred	16	static
fsl_mcan.c:967:10:MCAN_WriteTxBuffer	48	static
fsl_mcan.c:1005:10:MCAN_ReadRxBuffer	40	static
fsl_mcan.c:1029:10:MCAN_ReadRxFifo	40	static
fsl_mcan.c:1069:10:MCAN_TransferSendBlocking	32	static
fsl_mcan.c:1102:10:MCAN_TransferReceiveBlocking	32	static
fsl_mcan.c:1143:10:MCAN_TransferReceiveFifoBlocking	32	static
fsl_mcan.c:1188:6:MCAN_TransferCreateHandle	32	static
fsl_mcan.c:1243:10:MCAN_TransferSendNonBlocking	32	static
fsl_mcan.c:1307:10:MCAN_TransferReceiveFifoNonBlocking	32	static
fsl_mcan.c:1355:6:MCAN_TransferAbortSend	24	static
fsl_mcan.c:1383:6:MCAN_TransferAbortReceiveFifo	24	static
fsl_mcan.c:1413:6:MCAN_TransferHandleIRQ	48	static
fsl_mcan.c:1497:6:CAN0_IRQ0_DriverIRQHandler	8	static
fsl_mcan.c:1505:6:CAN0_IRQ1_DriverIRQHandler	8	static
