core_cm33.h:2127:22:__NVIC_EnableIRQ	16	static
fsl_common.h:484:28:EnableIRQ	16	static
fsl_common.h:552:28:DisableGlobalIRQ	16	static
fsl_common.h:583:24:EnableGlobalIRQ	24	static
fsl_usart.h:392:20:USART_DisableInterrupts	16	static
fsl_usart.h:467:20:USART_EnableContinuousSCLK	16	static
fsl_usart.c:55:10:USART_GetInstance	24	static
fsl_usart.c:77:8:USART_TransferGetRxRingBufferLength	24	static
fsl_usart.c:97:13:USART_TransferIsRxRingBufferFull	24	static
fsl_usart.c:132:6:USART_TransferStartRingBuffer	24	static
fsl_usart.c:156:6:USART_TransferStopRingBuffer	16	static
fsl_usart.c:193:10:USART_Init	32	static
fsl_usart.c:272:6:USART_Deinit	16	static
fsl_usart.c:301:6:USART_GetDefaultConfig	16	static
fsl_usart.c:341:10:USART_SetBaudRate	56	static
fsl_usart.c:415:10:USART_Enable32kMode	32	static
fsl_usart.c:457:10:USART_WriteBlocking	24	static
fsl_usart.c:527:10:USART_ReadBlocking	32	static
fsl_usart.c:615:10:USART_TransferCreateHandle	32	static
fsl_usart.c:671:10:USART_TransferSendNonBlocking	32	static
fsl_usart.c:717:6:USART_TransferAbortSend	16	static
fsl_usart.c:742:10:USART_TransferGetSendCount	24	static
fsl_usart.c:784:10:USART_TransferReceiveNonBlocking	56	static
fsl_usart.c:908:6:USART_TransferAbortReceive	16	static
fsl_usart.c:937:10:USART_TransferGetReceiveCount	24	static
fsl_usart.c:960:6:USART_TransferHandleIRQ	40	static
