fsl_clock.h:920:22:CLOCK_IsPLL0Locked	4	static
fsl_clock.h:928:22:CLOCK_IsPLL1Locked	4	static
fsl_power.h:360:20:POWER_EnablePD	16	static
fsl_power.h:372:20:POWER_DisablePD	16	static
fsl_clock.c:110:6:CLOCK_AttachClk	32	static
fsl_clock.c:160:19:CLOCK_GetClockAttachId	48	static
fsl_clock.c:214:6:CLOCK_SetClkDiv	24	static
fsl_clock.c:249:6:CLOCK_SetRtc1khzClkDiv	16	static
fsl_clock.c:261:6:CLOCK_SetRtc1hzClkDiv	16	static
fsl_clock.c:282:10:CLOCK_SetupFROClocking	16	static
fsl_clock.c:328:6:CLOCK_SetFLASHAccessCyclesForFreq	24	static
fsl_clock.c:365:10:CLOCK_SetupExtClocking	16	static
fsl_clock.c:387:10:CLOCK_SetupI2SMClkClocking	16	static
fsl_clock.c:399:10:CLOCK_SetupPLUClkInClocking	16	static
fsl_clock.c:409:10:CLOCK_GetClockOutClkFreq	16	static
fsl_clock.c:458:10:CLOCK_GetMCanClkFreq	16	static
fsl_clock.c:489:10:CLOCK_GetAdcClkFreq	16	static
fsl_clock.c:520:10:CLOCK_GetMclkClkFreq	16	static
fsl_clock.c:548:10:CLOCK_GetSctClkFreq	16	static
fsl_clock.c:585:10:CLOCK_GetFro12MFreq	4	static
fsl_clock.c:594:10:CLOCK_GetFro1MFreq	4	static
fsl_clock.c:603:10:CLOCK_GetExtClkFreq	4	static
fsl_clock.c:612:10:CLOCK_GetWdtClkFreq	8	static
fsl_clock.c:621:10:CLOCK_GetFroHfFreq	4	static
fsl_clock.c:630:10:CLOCK_GetPll0OutFreq	4	static
fsl_clock.c:639:10:CLOCK_GetPll1OutFreq	4	static
fsl_clock.c:648:10:CLOCK_GetOsc32KFreq	4	static
fsl_clock.c:663:10:CLOCK_GetCoreSysClkFreq	16	static
fsl_clock.c:714:10:CLOCK_GetI2SMClkFreq	4	static
fsl_clock.c:723:10:CLOCK_GetPLUClkInFreq	4	static
fsl_clock.c:733:10:CLOCK_GetFlexCommInputClock	24	static
fsl_clock.c:773:10:CLOCK_GetFlexCommClkFreq	24	static
fsl_clock.c:783:10:CLOCK_GetHsLspiClkFreq	16	static
fsl_clock.c:823:10:CLOCK_GetCTimerClkFreq	24	static
fsl_clock.c:863:10:CLOCK_GetSystickClkFreq	24	static
fsl_clock.c:900:10:CLOCK_SetFlexCommClock	32	static
fsl_clock.c:922:10:CLOCK_GetFreq	24	static
fsl_clock.c:968:13:pllFindSel	32	static
fsl_clock.c:1012:17:findPll0PreDiv	16	static
fsl_clock.c:1029:17:findPll1PreDiv	16	static
fsl_clock.c:1046:17:findPll0PostDiv	16	static
fsl_clock.c:1069:17:findPll1PostDiv	16	static
fsl_clock.c:1093:14:findPll0MMult	24	static
fsl_clock.c:1120:17:findPll1MMult	16	static
fsl_clock.c:1135:17:FindGreatestCommonDivisor	24	static
fsl_clock.c:1155:20:CLOCK_GetPll0ConfigInternal	104	static
fsl_clock.c:1325:20:CLOCK_GetPll0Config	32	static
fsl_clock.c:1373:13:CLOCK_GetPLL0OutFromSetupUpdate	16	static
fsl_clock.c:1379:13:CLOCK_GetPLL1OutFromSetupUpdate	16	static
fsl_clock.c:1388:10:CLOCK_GetPLL0InClockRate	16	static
fsl_clock.c:1419:10:CLOCK_GetPLL1InClockRate	16	static
fsl_clock.c:1454:10:CLOCK_GetPLL0OutFromSetup	40	static
fsl_clock.c:1485:10:CLOCK_GetPLL1OutFromSetup	32	static
fsl_clock.c:1515:6:CLOCK_SetStoredPLL0ClockRate	16	static
fsl_clock.c:1528:10:CLOCK_GetPLL0OutClockRate	56	static
fsl_clock.c:1556:10:CLOCK_GetPLL1OutClockRate	56	static
fsl_clock.c:1583:13:CLOCK_SetupPLL0Data	24	static
fsl_clock.c:1626:13:CLOCK_SetupPLL0Prec	32	static
fsl_clock.c:1703:13:CLOCK_SetPLL0Freq	32	static
fsl_clock.c:1771:13:CLOCK_SetPLL1Freq	32	static
fsl_clock.c:1827:6:CLOCK_SetupPLL0Mult	48	static
