startup_lpc55s06.c:338:6:data_init	4	static
startup_lpc55s06.c:347:6:bss_init	0	static
startup_lpc55s06.c:372:6:ResetISR	8	static
startup_lpc55s06.c:453:14:NMI_Handler	0	static
startup_lpc55s06.c:457:14:HardFault_Handler	0	static
startup_lpc55s06.c:461:14:MemManage_Handler	0	static
startup_lpc55s06.c:465:14:BusFault_Handler	0	static
startup_lpc55s06.c:469:14:UsageFault_Handler	0	static
startup_lpc55s06.c:473:14:SecureFault_Handler	0	static
startup_lpc55s06.c:477:14:SVC_Handler	0	static
startup_lpc55s06.c:481:14:DebugMon_Handler	0	static
startup_lpc55s06.c:485:14:PendSV_Handler	0	static
startup_lpc55s06.c:489:14:SysTick_Handler	0	static
startup_lpc55s06.c:497:14:IntDefaultHandler	0	static
startup_lpc55s06.c:507:11:WDT_BOD_IRQHandler	8	static
startup_lpc55s06.c:511:11:DMA0_IRQHandler	8	static
startup_lpc55s06.c:515:11:GINT0_IRQHandler	8	static
startup_lpc55s06.c:519:11:GINT1_IRQHandler	8	static
startup_lpc55s06.c:523:11:PIN_INT0_IRQHandler	8	static
startup_lpc55s06.c:527:11:PIN_INT1_IRQHandler	8	static
startup_lpc55s06.c:531:11:PIN_INT2_IRQHandler	8	static
startup_lpc55s06.c:535:11:PIN_INT3_IRQHandler	8	static
startup_lpc55s06.c:539:11:UTICK0_IRQHandler	8	static
startup_lpc55s06.c:543:11:MRT0_IRQHandler	8	static
startup_lpc55s06.c:547:11:CTIMER0_IRQHandler	8	static
startup_lpc55s06.c:551:11:CTIMER1_IRQHandler	8	static
startup_lpc55s06.c:555:11:SCT0_IRQHandler	8	static
startup_lpc55s06.c:559:11:CTIMER3_IRQHandler	8	static
startup_lpc55s06.c:563:11:FLEXCOMM0_IRQHandler	8	static
startup_lpc55s06.c:567:11:FLEXCOMM1_IRQHandler	8	static
startup_lpc55s06.c:571:11:FLEXCOMM2_IRQHandler	8	static
startup_lpc55s06.c:575:11:FLEXCOMM3_IRQHandler	8	static
startup_lpc55s06.c:579:11:FLEXCOMM4_IRQHandler	8	static
startup_lpc55s06.c:583:11:FLEXCOMM5_IRQHandler	8	static
startup_lpc55s06.c:587:11:FLEXCOMM6_IRQHandler	8	static
startup_lpc55s06.c:591:11:FLEXCOMM7_IRQHandler	8	static
startup_lpc55s06.c:595:11:ADC0_IRQHandler	8	static
startup_lpc55s06.c:599:11:Reserved39_IRQHandler	8	static
startup_lpc55s06.c:603:11:ACMP_IRQHandler	8	static
startup_lpc55s06.c:607:11:Reserved41_IRQHandler	8	static
startup_lpc55s06.c:611:11:Reserved42_IRQHandler	8	static
startup_lpc55s06.c:615:11:Reserved43_IRQHandler	8	static
startup_lpc55s06.c:619:11:Reserved44_IRQHandler	8	static
startup_lpc55s06.c:623:11:RTC_IRQHandler	8	static
startup_lpc55s06.c:627:11:Reserved46_IRQHandler	8	static
startup_lpc55s06.c:631:11:Reserved47_IRQHandler	8	static
startup_lpc55s06.c:635:11:PIN_INT4_IRQHandler	8	static
startup_lpc55s06.c:639:11:PIN_INT5_IRQHandler	8	static
startup_lpc55s06.c:643:11:PIN_INT6_IRQHandler	8	static
startup_lpc55s06.c:647:11:PIN_INT7_IRQHandler	8	static
startup_lpc55s06.c:651:11:CTIMER2_IRQHandler	8	static
startup_lpc55s06.c:655:11:CTIMER4_IRQHandler	8	static
startup_lpc55s06.c:659:11:OS_EVENT_IRQHandler	8	static
startup_lpc55s06.c:663:11:Reserved55_IRQHandler	8	static
startup_lpc55s06.c:667:11:Reserved56_IRQHandler	8	static
startup_lpc55s06.c:671:11:Reserved57_IRQHandler	8	static
startup_lpc55s06.c:675:11:Reserved58_IRQHandler	8	static
startup_lpc55s06.c:679:11:CAN0_IRQ0_IRQHandler	8	static
startup_lpc55s06.c:683:11:CAN0_IRQ1_IRQHandler	8	static
startup_lpc55s06.c:687:11:Reserved61_IRQHandler	8	static
startup_lpc55s06.c:691:11:Reserved62_IRQHandler	8	static
startup_lpc55s06.c:695:11:Reserved63_IRQHandler	8	static
startup_lpc55s06.c:699:11:Reserved64_IRQHandler	8	static
startup_lpc55s06.c:703:11:SEC_HYPERVISOR_CALL_IRQHandler	8	static
startup_lpc55s06.c:707:11:SEC_GPIO_INT0_IRQ0_IRQHandler	8	static
startup_lpc55s06.c:711:11:SEC_GPIO_INT0_IRQ1_IRQHandler	8	static
startup_lpc55s06.c:715:11:PLU_IRQHandler	8	static
startup_lpc55s06.c:719:11:SEC_VIO_IRQHandler	8	static
startup_lpc55s06.c:723:11:HASHCRYPT_IRQHandler	8	static
startup_lpc55s06.c:727:11:CASER_IRQHandler	8	static
startup_lpc55s06.c:731:11:PUF_IRQHandler	8	static
startup_lpc55s06.c:735:11:Reserved73_IRQHandler	8	static
startup_lpc55s06.c:739:11:DMA1_IRQHandler	8	static
startup_lpc55s06.c:743:11:FLEXCOMM8_IRQHandler	8	static
startup_lpc55s06.c:747:11:CodeWDG_IRQHandler	8	static
